Archive member included to satisfy reference by file (symbol)

Middlewares/ST/touchgfx/lib/core/cortex_m7/gcc\libtouchgfx.a(AbstractPartition.o)
                              TouchGFX/build/STM32F746-DISCO/TouchGFX/target/generated/TouchGFXConfiguration.o (touchgfx::AbstractPartition::getAllocationCount() const)
Middlewares/ST/touchgfx/lib/core/cortex_m7/gcc\libtouchgfx.a(Container.o)
                              TouchGFX/build/STM32F746-DISCO/TouchGFX/generated/gui_generated/src/screen1_screen/Screen1ViewBase.o (touchgfx::Container::contains(touchgfx::Drawable const&))
Middlewares/ST/touchgfx/lib/core/cortex_m7/gcc\libtouchgfx.a(HAL.o)
                              TouchGFX/build/STM32F746-DISCO/TouchGFX/target/generated/TouchGFXGeneratedHAL.o (touchgfx::HAL::drawDrawableInDynamicBitmap(touchgfx::Drawable&, unsigned short))
Middlewares/ST/touchgfx/lib/core/cortex_m7/gcc\libtouchgfx.a(DMA.o)
                              TouchGFX/build/STM32F746-DISCO/TouchGFX/target/generated/STM32DMA.o (touchgfx::DMA_Interface::seedExecution())
Middlewares/ST/touchgfx/lib/core/cortex_m7/gcc\libtouchgfx.a(Box.o)
                              TouchGFX/build/STM32F746-DISCO/TouchGFX/generated/gui_generated/src/screen1_screen/Screen1ViewBase.o (vtable for touchgfx::Box)
Middlewares/ST/touchgfx/lib/core/cortex_m7/gcc\libtouchgfx.a(BoxWithBorder.o)
                              TouchGFX/build/STM32F746-DISCO/TouchGFX/generated/gui_generated/src/screen1_screen/Screen1ViewBase.o (vtable for touchgfx::BoxWithBorder)
Middlewares/ST/touchgfx/lib/core/cortex_m7/gcc\libtouchgfx.a(LCD.o)
                              TouchGFX/build/STM32F746-DISCO/TouchGFX/generated/texts/src/Texts.o (touchgfx::LCD::drawStringLTR(touchgfx::Rect const&, touchgfx::Rect const&, touchgfx::LCD::StringVisuals const&, unsigned short const*, std::__va_list))
Middlewares/ST/touchgfx/lib/core/cortex_m7/gcc\libtouchgfx.a(TouchCalibration.o)
                              Middlewares/ST/touchgfx/lib/core/cortex_m7/gcc\libtouchgfx.a(HAL.o) (touchgfx::TouchCalibration::translatePoint(touchgfx::Point&))
Middlewares/ST/touchgfx/lib/core/cortex_m7/gcc\libtouchgfx.a(DisplayTransformation.o)
                              Middlewares/ST/touchgfx/lib/core/cortex_m7/gcc\libtouchgfx.a(HAL.o) (touchgfx::DisplayTransformation::transformFrameBufferToDisplay(short&, short&))
Middlewares/ST/touchgfx/lib/core/cortex_m7/gcc\libtouchgfx.a(Application.o)
                              TouchGFX/build/STM32F746-DISCO/TouchGFX/gui/src/common/FrontendApplication.o (touchgfx::Application::handleClickEvent(touchgfx::ClickEvent const&))
Middlewares/ST/touchgfx/lib/core/cortex_m7/gcc\libtouchgfx.a(TypedText.o)
                              TouchGFX/build/STM32F746-DISCO/TouchGFX/generated/fonts/src/FontCache.o (touchgfx::TypedText::numberOfTypedTexts)
Middlewares/ST/touchgfx/lib/core/cortex_m7/gcc\libtouchgfx.a(Font.o)
                              TouchGFX/build/STM32F746-DISCO/TouchGFX/generated/fonts/src/GeneratedFont.o (touchgfx::Font::getCharWidth(unsigned short) const)
Middlewares/ST/touchgfx/lib/core/cortex_m7/gcc\libtouchgfx.a(Drawable.o)
                              TouchGFX/build/STM32F746-DISCO/TouchGFX/generated/gui_generated/src/screen1_screen/Screen1ViewBase.o (touchgfx::Drawable::invalidate() const)
Middlewares/ST/touchgfx/lib/core/cortex_m7/gcc\libtouchgfx.a(ConstFont.o)
                              TouchGFX/build/STM32F746-DISCO/TouchGFX/generated/fonts/src/GeneratedFont.o (touchgfx::ConstFont::ConstFont(touchgfx::GlyphNode const*, unsigned short, unsigned short, unsigned char, unsigned char, unsigned char, unsigned char, unsigned char, unsigned short, unsigned short))
Middlewares/ST/touchgfx/lib/core/cortex_m7/gcc\libtouchgfx.a(Utils.o)
                              TouchGFX/build/STM32F746-DISCO/TouchGFX/generated/fonts/src/FontCache.o (touchgfx::memset(void*, unsigned char, unsigned long))
Middlewares/ST/touchgfx/lib/core/cortex_m7/gcc\libtouchgfx.a(Screen.o)
                              TouchGFX/build/STM32F746-DISCO/TouchGFX/gui/src/screen1_screen/Screen1View.o (touchgfx::Screen::handleGestureEvent(touchgfx::GestureEvent const&))
Middlewares/ST/touchgfx/lib/core/cortex_m7/gcc\libtouchgfx.a(TextProvider.o)
                              TouchGFX/build/STM32F746-DISCO/TouchGFX/generated/fonts/src/FontCache.o (touchgfx::TextProvider::TextProvider())
Middlewares/ST/touchgfx/lib/core/cortex_m7/gcc\libtouchgfx.a(TextureMapTypes.o)
                              Middlewares/ST/touchgfx/lib/core/cortex_m7/gcc\libtouchgfx.a(LCD.o) (touchgfx::Gradients::Gradients(touchgfx::Point3D const*))
Middlewares/ST/touchgfx/lib/core/cortex_m7/gcc\libtouchgfx.a(Unicode.o)
                              TouchGFX/build/STM32F746-DISCO/TouchGFX/generated/fonts/src/FontCache.o (touchgfx::Unicode::strlen(unsigned short const*))
Middlewares/ST/touchgfx/lib/core/cortex_m7/gcc\libtouchgfx.a(FontManager.o)
[...]
Memory Configuration

Name             Origin             Length             Attributes
RAM              0x20000000         0x00050000         xrw
FLASH            0x08000000         0x00100000         xr
QUADSPI          0x90000000         0x01000000         r
*default*        0x00000000         0xffffffff

Linker script and memory map

LOAD c:/touchgfxdesigner/env/mingw/msys/1.0/gnu-arm-gcc/bin/../lib/gcc/arm-none-eabi/7.3.1/thumb/v7e-m/fpv4-sp/softfp/crti.o
LOAD c:/touchgfxdesigner/env/mingw/msys/1.0/gnu-arm-gcc/bin/../lib/gcc/arm-none-eabi/7.3.1/thumb/v7e-m/fpv4-sp/softfp/crtbegin.o
LOAD c:/touchgfxdesigner/env/mingw/msys/1.0/gnu-arm-gcc/bin/../lib/gcc/arm-none-eabi/7.3.1/../../../../arm-none-eabi/lib/thumb/v7e-m/fpv4-sp/softfp/crt0.o
LOAD TouchGFX/build/STM32F746-DISCO/TouchGFX/gui/src/screen1_screen/Screen1Presenter.o
LOAD TouchGFX/build/STM32F746-DISCO/TouchGFX/gui/src/screen1_screen/Screen1View.o
LOAD TouchGFX/build/STM32F746-DISCO/TouchGFX/gui/src/model/Model.o
LOAD TouchGFX/build/STM32F746-DISCO/TouchGFX/gui/src/common/FrontendApplication.o
LOAD TouchGFX/build/STM32F746-DISCO/TouchGFX/generated/gui_generated/src/screen1_screen/Screen1ViewBase.o
LOAD TouchGFX/build/STM32F746-DISCO/TouchGFX/generated/gui_generated/src/common/FrontendApplicationBase.o
LOAD TouchGFX/build/STM32F746-DISCO/TouchGFX/generated/fonts/src/Font_verdana_40_4bpp_0.o
LOAD TouchGFX/build/STM32F746-DISCO/TouchGFX/generated/fonts/src/Font_verdana_20_4bpp_0.o
LOAD TouchGFX/build/STM32F746-DISCO/TouchGFX/generated/fonts/src/GeneratedFont.o
LOAD TouchGFX/build/STM32F746-DISCO/TouchGFX/generated/fonts/src/Kerning_verdana_40_4bpp.o
LOAD TouchGFX/build/STM32F746-DISCO/TouchGFX/generated/fonts/src/Table_verdana_10_4bpp.o
LOAD TouchGFX/build/STM32F746-DISCO/TouchGFX/generated/fonts/src/Kerning_verdana_10_4bpp.o
LOAD TouchGFX/build/STM32F746-DISCO/TouchGFX/generated/fonts/src/Kerning_verdana_20_4bpp.o
LOAD TouchGFX/build/STM32F746-DISCO/TouchGFX/generated/fonts/src/FontCache.o
LOAD TouchGFX/build/STM32F746-DISCO/TouchGFX/generated/fonts/src/Font_verdana_10_4bpp_0.o
LOAD TouchGFX/build/STM32F746-DISCO/TouchGFX/generated/fonts/src/Table_verdana_40_4bpp.o
LOAD TouchGFX/build/STM32F746-DISCO/TouchGFX/generated/fonts/src/CachedFont.o
LOAD TouchGFX/build/STM32F746-DISCO/TouchGFX/generated/fonts/src/Table_verdana_20_4bpp.o
LOAD TouchGFX/build/STM32F746-DISCO/TouchGFX/generated/fonts/src/ApplicationFontProvider.o
LOAD TouchGFX/build/STM32F746-DISCO/TouchGFX/generated/images/src/BitmapDatabase.o
LOAD TouchGFX/build/STM32F746-DISCO/TouchGFX/generated/texts/src/TypedTextDatabase.o
LOAD TouchGFX/build/STM32F746-DISCO/TouchGFX/generated/texts/src/Texts.o
LOAD TouchGFX/build/STM32F746-DISCO/TouchGFX/target/generated/TouchGFXGeneratedHAL.o
LOAD TouchGFX/build/STM32F746-DISCO/TouchGFX/target/generated/STM32DMA.o
LOAD TouchGFX/build/STM32F746-DISCO/TouchGFX/target/generated/OSWrappers.o
LOAD TouchGFX/build/STM32F746-DISCO/TouchGFX/target/generated/TouchGFXConfiguration.o
LOAD TouchGFX/build/STM32F746-DISCO/TouchGFX/target/TouchGFXHAL.o
LOAD TouchGFX/build/STM32F746-DISCO/TouchGFX/target/TouchGFXGPIO.o
LOAD TouchGFX/build/STM32F746-DISCO/TouchGFX/target/STM32TouchController.o
LOAD TouchGFX/build/STM32F746-DISCO/TouchGFX/target/CortexMMCUInstrumentation.o
LOAD TouchGFX/build/STM32F746-DISCO/Core/Src/system_stm32f7xx.o
LOAD TouchGFX/build/STM32F746-DISCO/Core/Src/main.o
LOAD TouchGFX/build/STM32F746-DISCO/Core/Src/stm32f7xx_hal_timebase_tim.o
LOAD TouchGFX/build/STM32F746-DISCO/Core/Src/stm32f7xx_hal_msp.o
LOAD TouchGFX/build/STM32F746-DISCO/Core/Src/freertos.o
LOAD TouchGFX/build/STM32F746-DISCO/Core/Src/stm32f7xx_it.o
LOAD TouchGFX/build/STM32F746-DISCO/Drivers/STM32F7xx_HAL_Driver/Src/stm32f7xx_hal_ltdc_ex.o
LOAD TouchGFX/build/STM32F746-DISCO/Drivers/STM32F7xx_HAL_Driver/Src/stm32f7xx_hal.o
LOAD TouchGFX/build/STM32F746-DISCO/Drivers/STM32F7xx_HAL_Driver/Src/stm32f7xx_hal_rcc_ex.o
LOAD TouchGFX/build/STM32F746-DISCO/Drivers/STM32F7xx_HAL_Driver/Src/stm32f7xx_hal_dsi.o
LOAD TouchGFX/build/STM32F746-DISCO/Drivers/STM32F7xx_HAL_Driver/Src/stm32f7xx_hal_crc.o
LOAD TouchGFX/build/STM32F746-DISCO/Drivers/STM32F7xx_HAL_Driver/Src/stm32f7xx_hal_ltdc.o
LOAD TouchGFX/build/STM32F746-DISCO/Drivers/STM32F7xx_HAL_Driver/Src/stm32f7xx_hal_pwr_ex.o
LOAD TouchGFX/build/STM32F746-DISCO/Drivers/STM32F7xx_HAL_Driver/Src/stm32f7xx_hal_sdram.o
LOAD TouchGFX/build/STM32F746-DISCO/Drivers/STM32F7xx_HAL_Driver/Src/stm32f7xx_hal_flash.o
LOAD TouchGFX/build/STM32F746-DISCO/Drivers/STM32F7xx_HAL_Driver/Src/stm32f7xx_hal_rcc.o
LOAD TouchGFX/build/STM32F746-DISCO/Drivers/STM32F7xx_HAL_Driver/Src/stm32f7xx_hal_dma_ex.o
LOAD TouchGFX/build/STM32F746-DISCO/Drivers/STM32F7xx_HAL_Driver/Src/stm32f7xx_hal_i2c.o
LOAD TouchGFX/build/STM32F746-DISCO/Drivers/STM32F7xx_HAL_Driver/Src/stm32f7xx_hal_qspi.o
LOAD TouchGFX/build/STM32F746-DISCO/Drivers/STM32F7xx_HAL_Driver/Src/stm32f7xx_hal_pwr.o
LOAD TouchGFX/build/STM32F746-DISCO/Drivers/STM32F7xx_HAL_Driver/Src/stm32f7xx_hal_dma.o
LOAD TouchGFX/build/STM32F746-DISCO/Drivers/STM32F7xx_HAL_Driver/Src/stm32f7xx_hal_tim_ex.o
LOAD TouchGFX/build/STM32F746-DISCO/Drivers/STM32F7xx_HAL_Driver/Src/stm32f7xx_hal_cortex.o
LOAD TouchGFX/build/STM32F746-DISCO/Drivers/STM32F7xx_HAL_Driver/Src/stm32f7xx_ll_fmc.o
LOAD TouchGFX/build/STM32F746-DISCO/Drivers/STM32F7xx_HAL_Driver/Src/stm32f7xx_hal_flash_ex.o
LOAD TouchGFX/build/STM32F746-DISCO/Drivers/STM32F7xx_HAL_Driver/Src/stm32f7xx_hal_exti.o
LOAD TouchGFX/build/STM32F746-DISCO/Drivers/STM32F7xx_HAL_Driver/Src/stm32f7xx_hal_gpio.o
LOAD TouchGFX/build/STM32F746-DISCO/Drivers/STM32F7xx_HAL_Driver/Src/stm32f7xx_hal_dma2d.o
LOAD TouchGFX/build/STM32F746-DISCO/Drivers/STM32F7xx_HAL_Driver/Src/stm32f7xx_hal_tim.o
LOAD TouchGFX/build/STM32F746-DISCO/Drivers/STM32F7xx_HAL_Driver/Src/stm32f7xx_hal_i2c_ex.o
LOAD TouchGFX/build/STM32F746-DISCO/Drivers/STM32F7xx_HAL_Driver/Src/stm32f7xx_hal_crc_ex.o
LOAD TouchGFX/build/STM32F746-DISCO/TouchGFX/App/app_touchgfx.o
LOAD TouchGFX/build/STM32F746-DISCO/Middlewares/Third_Party/FreeRTOS/Source/croutine.o
LOAD TouchGFX/build/STM32F746-DISCO/Middlewares/Third_Party/FreeRTOS/Source/list.o
LOAD TouchGFX/build/STM32F746-DISCO/Middlewares/Third_Party/FreeRTOS/Source/queue.o
LOAD TouchGFX/build/STM32F746-DISCO/Middlewares/Third_Party/FreeRTOS/Source/tasks.o
LOAD TouchGFX/build/STM32F746-DISCO/Middlewares/Third_Party/FreeRTOS/Source/timers.o
LOAD TouchGFX/build/STM32F746-DISCO/Middlewares/Third_Party/FreeRTOS/Source/portable/MemMang/heap_4.o
LOAD TouchGFX/build/STM32F746-DISCO/Middlewares/Third_Party/FreeRTOS/Source/portable/GCC/ARM_CM7/r0p1/port.o
LOAD TouchGFX/build/STM32F746-DISCO/Middlewares/Third_Party/FreeRTOS/Source/CMSIS_RTOS/cmsis_os.o
LOAD TouchGFX/build/STM32F746-DISCO/Drivers/BSP/stm32746g_discovery_qspi.o
LOAD TouchGFX/build/STM32F746-DISCO/Drivers/Components/ft5336/ft5336.o
LOAD TouchGFX/build/STM32F746-DISCO/gcc/startup_stm32f746nghx.o
START GROUP
LOAD Middlewares/ST/touchgfx/lib/core/cortex_m7/gcc\libtouchgfx.a
END GROUP
LOAD c:/touchgfxdesigner/env/mingw/msys/1.0/gnu-arm-gcc/bin/../lib/gcc/arm-none-eabi/7.3.1/../../../../arm-none-eabi/lib/thumb/v7e-m/fpv4-sp/softfp\libstdc++.a
LOAD c:/touchgfxdesigner/env/mingw/msys/1.0/gnu-arm-gcc/bin/../lib/gcc/arm-none-eabi/7.3.1/../../../../arm-none-eabi/lib/thumb/v7e-m/fpv4-sp/softfp\libm.a
START GROUP
LOAD c:/touchgfxdesigner/env/mingw/msys/1.0/gnu-arm-gcc/bin/../lib/gcc/arm-none-eabi/7.3.1/thumb/v7e-m/fpv4-sp/softfp\libgcc.a
LOAD c:/touchgfxdesigner/env/mingw/msys/1.0/gnu-arm-gcc/bin/../lib/gcc/arm-none-eabi/7.3.1/../../../../arm-none-eabi/lib/thumb/v7e-m/fpv4-sp/softfp\libg.a
LOAD c:/touchgfxdesigner/env/mingw/msys/1.0/gnu-arm-gcc/bin/../lib/gcc/arm-none-eabi/7.3.1/../../../../arm-none-eabi/lib/thumb/v7e-m/fpv4-sp/softfp\libc.a
END GROUP
START GROUP
LOAD c:/touchgfxdesigner/env/mingw/msys/1.0/gnu-arm-gcc/bin/../lib/gcc/arm-none-eabi/7.3.1/thumb/v7e-m/fpv4-sp/softfp\libgcc.a
LOAD c:/touchgfxdesigner/env/mingw/msys/1.0/gnu-arm-gcc/bin/../lib/gcc/arm-none-eabi/7.3.1/../../../../arm-none-eabi/lib/thumb/v7e-m/fpv4-sp/softfp\libc.a
LOAD c:/touchgfxdesigner/env/mingw/msys/1.0/gnu-arm-gcc/bin/../lib/gcc/arm-none-eabi/7.3.1/../../../../arm-none-eabi/lib/thumb/v7e-m/fpv4-sp/softfp\libnosys.a
END GROUP
LOAD c:/touchgfxdesigner/env/mingw/msys/1.0/gnu-arm-gcc/bin/../lib/gcc/arm-none-eabi/7.3.1/thumb/v7e-m/fpv4-sp/softfp/crtend.o
LOAD c:/touchgfxdesigner/env/mingw/msys/1.0/gnu-arm-gcc/bin/../lib/gcc/arm-none-eabi/7.3.1/thumb/v7e-m/fpv4-sp/softfp/crtn.o
                0x20050000                _estack = 0x20050000
                0x00000200                _Min_Heap_Size = 0x200
                0x00000400                _Min_Stack_Size = 0x400

.isr_vector     0x08000000      0x1c8
                0x08000000                . = ALIGN (0x4)
 *(.isr_vector)
 .isr_vector    0x08000000      0x1c8 TouchGFX/build/STM32F746-DISCO/gcc/startup_stm32f746nghx.o
                0x08000000                g_pfnVectors
                0x080001c8                . = ALIGN (0x4)

.text           0x08000200    0x25b84
                0x08000200                . = ALIGN (0x4)
 *(.text)
 .text          0x08000200       0x40 c:/touchgfxdesigner/env/mingw/msys/1.0/gnu-arm-gcc/bin/../lib/gcc/arm-none-eabi/7.3.1/thumb/v7e-m/fpv4-sp/softfp/crtbegin.o
 .text          0x08000240     0x6adc c:/touchgfxdesigner/env/mingw/msys/1.0/gnu-arm-gcc/bin/../lib/gcc/arm-none-eabi/7.3.1/../../../../arm-none-eabi/lib/thumb/v7e-m/fpv4-sp/softfp\libstdc++.a(cp-demangle.o)
                0x08006c30                __cxa_demangle
                0x08006cf8                __gcclibcxx_demangle_callback
 .text          0x08006d1c       0x30 c:/touchgfxdesigner/env/mingw/msys/1.0/gnu-arm-gcc/bin/../lib/gcc/arm-none-eabi/7.3.1/thumb/v7e-m/fpv4-sp/softfp\libgcc.a(_aeabi_uldivmod.o)
                0x08006d1c                __aeabi_uldivmod
 .text          0x08006d4c      0x2cc c:/touchgfxdesigner/env/mingw/msys/1.0/gnu-arm-gcc/bin/../lib/gcc/arm-none-eabi/7.3.1/thumb/v7e-m/fpv4-sp/softfp\libgcc.a(_udivmoddi4.o)
                0x08006d4c                __udivmoddi4
 .text          0x08007018      0x9ec c:/touchgfxdesigner/env/mingw/msys/1.0/gnu-arm-gcc/bin/../lib/gcc/arm-none-eabi/7.3.1/thumb/v7e-m/fpv4-sp/softfp\libgcc.a(unwind-arm.o)
                0x080072cc                _Unwind_GetCFA
                0x080072d0                __gnu_Unwind_RaiseException
                0x08007330                __gnu_Unwind_ForcedUnwind
                0x08007344                __gnu_Unwind_Resume
                0x08007388                __gnu_Unwind_Resume_or_Rethrow
                0x08007398                _Unwind_Complete
                0x0800739c                _Unwind_DeleteException
                0x080073a8                _Unwind_VRS_Get
                0x080073ec                _Unwind_VRS_Set
                0x08007434                __gnu_Unwind_Backtrace
                0x08007778                __aeabi_unwind_cpp_pr0
                0x0800777c                __aeabi_unwind_cpp_pr1
                0x08007780                __aeabi_unwind_cpp_pr2
                0x08007784                _Unwind_VRS_Pop
 .text          0x08007a04      0x1ac c:/touchgfxdesigner/env/mingw/msys/1.0/gnu-arm-gcc/bin/../lib/gcc/arm-none-eabi/7.3.1/thumb/v7e-m/fpv4-sp/softfp\libgcc.a(libunwind.o)
                0x08007a04                __restore_core_regs
                0x08007a04                restore_core_regs
                0x08007a1c                __gnu_Unwind_Restore_VFP
                0x08007a24                __gnu_Unwind_Save_VFP
                0x08007a2c                __gnu_Unwind_Restore_VFP_D
                0x08007a34                __gnu_Unwind_Save_VFP_D
                0x08007a3c                __gnu_Unwind_Restore_VFP_D_16_to_31
                0x08007a44                __gnu_Unwind_Save_VFP_D_16_to_31
                0x08007a4c                __gnu_Unwind_Restore_WMMXD
                0x08007a90                __gnu_Unwind_Save_WMMXD
                0x08007ad4                __gnu_Unwind_Restore_WMMXC
                0x08007ae8                __gnu_Unwind_Save_WMMXC
                0x08007afc                ___Unwind_RaiseException
                0x08007afc                _Unwind_RaiseException
                0x08007b20                _Unwind_Resume
                0x08007b20                ___Unwind_Resume
                0x08007b44                _Unwind_Resume_or_Rethrow
                0x08007b44                ___Unwind_Resume_or_Rethrow
                0x08007b68                _Unwind_ForcedUnwind
                0x08007b68                ___Unwind_ForcedUnwind
                0x08007b8c                ___Unwind_Backtrace
                0x08007b8c                _Unwind_Backtrace
 .text          0x08007bb0      0x374 c:/touchgfxdesigner/env/mingw/msys/1.0/gnu-arm-gcc/bin/../lib/gcc/arm-none-eabi/7.3.1/thumb/v7e-m/fpv4-sp/softfp\libgcc.a(pr-support.o)
                0x08007c08                __gnu_unwind_execute
                0x08007ecc                __gnu_unwind_frame
                0x08007ef4                _Unwind_GetRegionStart
                0x08007f00                _Unwind_GetLanguageSpecificData
                0x08007f14                _Unwind_GetDataRelBase
                0x08007f1c                _Unwind_GetTextRelBase
 .text          0x08007f24        0x4 c:/touchgfxdesigner/env/mingw/msys/1.0/gnu-arm-gcc/bin/../lib/gcc/arm-none-eabi/7.3.1/thumb/v7e-m/fpv4-sp/softfp\libgcc.a(_dvmd_tls.o)
                0x08007f24                __aeabi_idiv0
                0x08007f24                __aeabi_ldiv0
 *fill*         0x08007f28        0x8 
 .text          0x08007f30       0xa0 c:/touchgfxdesigner/env/mingw/msys/1.0/gnu-arm-gcc/bin/../lib/gcc/arm-none-eabi/7.3.1/../../../../arm-none-eabi/lib/thumb/v7e-m/fpv4-sp/softfp\libg.a(lib_a-memchr.o)
                0x08007f30                memchr
 .text          0x08007fd0      0x134 c:/touchgfxdesigner/env/mingw/msys/1.0/gnu-arm-gcc/bin/../lib/gcc/arm-none-eabi/7.3.1/../../../../arm-none-eabi/lib/thumb/v7e-m/fpv4-sp/softfp\libg.a(lib_a-memcpy.o)
                0x08007fd0                memcpy
 *fill*         0x08008104       0x1c 
 .text          0x08008120      0x2dc c:/touchgfxdesigner/env/mingw/msys/1.0/gnu-arm-gcc/bin/../lib/gcc/arm-none-eabi/7.3.1/../../../../arm-none-eabi/lib/thumb/v7e-m/fpv4-sp/softfp\libg.a(lib_a-strcmp.o)
                0x08008128                strcmp
 *fill*         0x080083fc        0x4 
 .text          0x08008400       0xdc c:/touchgfxdesigner/env/mingw/msys/1.0/gnu-arm-gcc/bin/../lib/gcc/arm-none-eabi/7.3.1/../../../../arm-none-eabi/lib/thumb/v7e-m/fpv4-sp/softfp\libg.a(lib_a-strlen.o)
                0x08008400                strlen
 .text          0x080084dc      0x378 c:/touchgfxdesigner/env/mingw/msys/1.0/gnu-arm-gcc/bin/../lib/gcc/arm-none-eabi/7.3.1/thumb/v7e-m/fpv4-sp/softfp\libgcc.a(_arm_addsubdf3.o)
                0x080084dc                __aeabi_drsub
                0x080084e4                __aeabi_dsub
                0x080084e4                __subdf3
                0x080084e8                __aeabi_dadd
                0x080084e8                __adddf3
                0x08008760                __floatunsidf
                0x08008760                __aeabi_ui2d
                0x08008780                __floatsidf
                0x08008780                __aeabi_i2d
                0x080087a4                __aeabi_f2d
                0x080087a4                __extendsfdf2
                0x080087e8                __floatundidf
                0x080087e8                __aeabi_ul2d
                0x080087f8                __floatdidf
                0x080087f8                __aeabi_l2d
 .text          0x08008854      0x424 c:/touchgfxdesigner/env/mingw/msys/1.0/gnu-arm-gcc/bin/../lib/gcc/arm-none-eabi/7.3.1/thumb/v7e-m/fpv4-sp/softfp\libgcc.a(_arm_muldivdf3.o)
                0x08008854                __aeabi_dmul
                0x08008854                __muldf3
                0x08008aa8                __divdf3
                0x08008aa8                __aeabi_ddiv
 .text          0x08008c78      0x110 c:/touchgfxdesigner/env/mingw/msys/1.0/gnu-arm-gcc/bin/../lib/gcc/arm-none-eabi/7.3.1/thumb/v7e-m/fpv4-sp/softfp\libgcc.a(_arm_cmpdf2.o)
                0x08008c78                __gtdf2
                0x08008c78                __gedf2
                0x08008c80                __ltdf2
                0x08008c80                __ledf2
                0x08008c88                __nedf2
                0x08008c88                __eqdf2
                0x08008c88                __cmpdf2
                0x08008d04                __aeabi_cdrcmple
                0x08008d14                __aeabi_cdcmpeq
                0x08008d14                __aeabi_cdcmple
                0x08008d24                __aeabi_dcmpeq
                0x08008d38                __aeabi_dcmplt
                0x08008d4c                __aeabi_dcmple
                0x08008d60                __aeabi_dcmpge
                0x08008d74                __aeabi_dcmpgt
 .text          0x08008d88       0x2c c:/touchgfxdesigner/env/mingw/msys/1.0/gnu-arm-gcc/bin/../lib/gcc/arm-none-eabi/7.3.1/thumb/v7e-m/fpv4-sp/softfp\libgcc.a(_arm_unorddf2.o)
                0x08008d88                __unorddf2
                0x08008d88                __aeabi_dcmpun
 .text          0x08008db4       0x50 c:/touchgfxdesigner/env/mingw/msys/1.0/gnu-arm-gcc/bin/../lib/gcc/arm-none-eabi/7.3.1/thumb/v7e-m/fpv4-sp/softfp\libgcc.a(_arm_fixdfsi.o)
                0x08008db4                __aeabi_d2iz
                0x08008db4                __fixdfsi
 *(.text*)
 .text._ZN16Screen1PresenterD2Ev
                0x08008e04        0x6 TouchGFX/build/STM32F746-DISCO/TouchGFX/gui/src/screen1_screen/Screen1Presenter.o
                0x08008e04                Screen1Presenter::~Screen1Presenter()
                0x08008e04                Screen1Presenter::~Screen1Presenter()
                0x08008e06                non-virtual thunk to Screen1Presenter::~Screen1Presenter()
 .text._ZN16Screen1Presenter8activateEv
                0x08008e0a        0x2 TouchGFX/build/STM32F746-DISCO/TouchGFX/gui/src/screen1_screen/Screen1Presenter.o
                0x08008e0a                Screen1Presenter::deactivate()
                0x08008e0a                Screen1Presenter::activate()
 .text._ZN16Screen1PresenterD0Ev
                0x08008e0c       0x14 TouchGFX/build/STM32F746-DISCO/TouchGFX/gui/src/screen1_screen/Screen1Presenter.o
                0x08008e0c                Screen1Presenter::~Screen1Presenter()
                0x08008e1a                non-virtual thunk to Screen1Presenter::~Screen1Presenter()
 .text._ZN16Screen1PresenterC2ER11Screen1View
                0x08008e20       0x1c TouchGFX/build/STM32F746-DISCO/TouchGFX/gui/src/screen1_screen/Screen1Presenter.o
                0x08008e20                Screen1Presenter::Screen1Presenter(Screen1View&)
                0x08008e20                Screen1Presenter::Screen1Presenter(Screen1View&)
 .text._ZN8touchgfx6Screen15afterTransitionEv
                0x08008e3c        0x2 TouchGFX/build/STM32F746-DISCO/TouchGFX/gui/src/screen1_screen/Screen1View.o
                0x08008e3c                touchgfx::Screen::afterTransition()
 .text._ZN8touchgfx6Screen15handleTickEventEv
                0x08008e3e        0x2 TouchGFX/build/STM32F746-DISCO/TouchGFX/gui/src/screen1_screen/Screen1View.o
                0x08008e3e                touchgfx::Screen::handleTickEvent()
 .text._ZN8touchgfx6Screen14handleKeyEventEh
                0x08008e40        0x2 TouchGFX/build/STM32F746-DISCO/TouchGFX/gui/src/screen1_screen/Screen1View.o
                0x08008e40                touchgfx::Screen::handleKeyEvent(unsigned char)
 .text._ZN11Screen1ViewD2Ev
                0x08008e42        0x2 TouchGFX/build/STM32F746-DISCO/TouchGFX/gui/src/screen1_screen/Screen1View.o
                0x08008e42                Screen1View::~Screen1View()
                0x08008e42                Screen1View::~Screen1View()
 .text._ZN11Screen1View14tearDownScreenEv
                0x08008e44        0x2 TouchGFX/build/STM32F746-DISCO/TouchGFX/gui/src/screen1_screen/Screen1View.o
                0x08008e44                Screen1View::tearDownScreen()
 .text._ZN11Screen1View11setupScreenEv
                0x08008e46        0x4 TouchGFX/build/STM32F746-DISCO/TouchGFX/gui/src/screen1_screen/Screen1View.o
                0x08008e46                Screen1View::setupScreen()
 .text._ZN11Screen1ViewD0Ev
                0x08008e4a        0xe TouchGFX/build/STM32F746-DISCO/TouchGFX/gui/src/screen1_screen/Screen1View.o
                0x08008e4a                Screen1View::~Screen1View()
 .text._ZN11Screen1ViewC2Ev
                0x08008e58       0x14 TouchGFX/build/STM32F746-DISCO/TouchGFX/gui/src/screen1_screen/Screen1View.o
                0x08008e58                Screen1View::Screen1View()
                0x08008e58                Screen1View::Screen1View()
 .text._ZN5ModelC2Ev
                0x08008e6c        0x6 TouchGFX/build/STM32F746-DISCO/TouchGFX/gui/src/model/Model.o
                0x08008e6c                Model::Model()
                0x08008e6c                Model::Model()
 .text._ZN5Model4tickEv
                0x08008e72        0x2 TouchGFX/build/STM32F746-DISCO/TouchGFX/gui/src/model/Model.o
                0x08008e72                Model::tick()
 .text._ZN8touchgfx11Application15appSwitchScreenEh
                0x08008e74        0x2 TouchGFX/build/STM32F746-DISCO/TouchGFX/gui/src/common/FrontendApplication.o
                0x08008e74                touchgfx::Application::appSwitchScreen(unsigned char)
 .text._ZN19FrontendApplicationD2Ev
                0x08008e76        0x2 TouchGFX/build/STM32F746-DISCO/TouchGFX/gui/src/common/FrontendApplication.o
                0x08008e76                FrontendApplication::~FrontendApplication()
                0x08008e76                FrontendApplication::~FrontendApplication()
 .text._ZN19FrontendApplicationD0Ev
                0x08008e78       0x10 TouchGFX/build/STM32F746-DISCO/TouchGFX/gui/src/common/FrontendApplication.o
                0x08008e78                FrontendApplication::~FrontendApplication()
 .text._ZN19FrontendApplication15handleTickEventEv
                0x08008e88       0x16 TouchGFX/build/STM32F746-DISCO/TouchGFX/gui/src/common/FrontendApplication.o
                0x08008e88                FrontendApplication::handleTickEvent()
 .text._ZN8touchgfx14MVPApplication29handlePendingScreenTransitionEv
                0x08008e9e       0x24 TouchGFX/build/STM32F746-DISCO/TouchGFX/gui/src/common/FrontendApplication.o
                0x08008e9e                touchgfx::MVPApplication::handlePendingScreenTransition()
 *fill*         0x08008ec2        0x2 
 .text._ZN19FrontendApplicationC2ER5ModelR12FrontendHeap
                0x08008ec4       0x14 TouchGFX/build/STM32F746-DISCO/TouchGFX/gui/src/common/FrontendApplication.o
                0x08008ec4                FrontendApplication::FrontendApplication(Model&, FrontendHeap&)
                0x08008ec4                FrontendApplication::FrontendApplication(Model&, FrontendHeap&)
 .text._ZN8touchgfx8Drawable11setPositionEssss
                0x08008ed8       0x28 TouchGFX/build/STM32F746-DISCO/TouchGFX/generated/gui_generated/src/screen1_screen/Screen1ViewBase.o
                0x08008ed8                touchgfx::Drawable::setPosition(short, short, short, short)
 .text._ZN8touchgfx8Drawable4setXEs
                0x08008f00        0x4 TouchGFX/build/STM32F746-DISCO/TouchGFX/generated/gui_generated/src/screen1_screen/Screen1ViewBase.o
                0x08008f00                touchgfx::Drawable::setX(short)
 .text._ZN8touchgfx8Drawable4setYEs
                0x08008f04        0x4 TouchGFX/build/STM32F746-DISCO/TouchGFX/generated/gui_generated/src/screen1_screen/Screen1ViewBase.o
                0x08008f04                touchgfx::Drawable::setY(short)
 .text._ZN8touchgfx8Drawable5setXYEss
                0x08008f08       0x1a TouchGFX/build/STM32F746-DISCO/TouchGFX/generated/gui_generated/src/screen1_screen/Screen1ViewBase.o
                0x08008f08                touchgfx::Drawable::setXY(short, short)
 .text._ZN8touchgfx8Drawable8setWidthEs
                0x08008f22        0x4 TouchGFX/build/STM32F746-DISCO/TouchGFX/generated/gui_generated/src/screen1_screen/Screen1ViewBase.o
                0x08008f22                touchgfx::Drawable::setWidth(short)
 .text._ZN8touchgfx8Drawable9setHeightEs
                0x08008f26        0x4 TouchGFX/build/STM32F746-DISCO/TouchGFX/generated/gui_generated/src/screen1_screen/Screen1ViewBase.o
                0x08008f26                touchgfx::Drawable::setHeight(short)
 .text._ZN8touchgfx8Drawable20childGeometryChangedEv
                0x08008f2a        0x2 TouchGFX/build/STM32F746-DISCO/TouchGFX/generated/gui_generated/src/screen1_screen/Screen1ViewBase.o
                0x08008f2a                touchgfx::Drawable::childGeometryChanged()
 .text._ZN8touchgfx8Drawable16handleClickEventERKNS_10ClickEventE
                0x08008f2c        0x2 TouchGFX/build/STM32F746-DISCO/TouchGFX/generated/gui_generated/src/screen1_screen/Screen1ViewBase.o
                0x08008f2c                touchgfx::Drawable::handleClickEvent(touchgfx::ClickEvent const&)
 .text._ZN8touchgfx8Drawable18handleGestureEventERKNS_12GestureEventE
                0x08008f2e        0x2 TouchGFX/build/STM32F746-DISCO/TouchGFX/generated/gui_generated/src/screen1_screen/Screen1ViewBase.o
                0x08008f2e                touchgfx::Drawable::handleGestureEvent(touchgfx::GestureEvent const&)
 .text._ZN8touchgfx8Drawable15handleDragEventERKNS_9DragEventE
                0x08008f30        0x2 TouchGFX/build/STM32F746-DISCO/TouchGFX/generated/gui_generated/src/screen1_screen/Screen1ViewBase.o
                0x08008f30                touchgfx::Drawable::handleDragEvent(touchgfx::DragEvent const&)
 .text._ZN8touchgfx8Drawable15handleTickEventEv
                0x08008f32        0x2 TouchGFX/build/STM32F746-DISCO/TouchGFX/generated/gui_generated/src/screen1_screen/Screen1ViewBase.o
                0x08008f32                touchgfx::Drawable::handleTickEvent()
 .text._ZN8touchgfx8Drawable6moveToEss
                0x08008f34       0x18 TouchGFX/build/STM32F746-DISCO/TouchGFX/generated/gui_generated/src/screen1_screen/Screen1ViewBase.o
                0x08008f34                touchgfx::Drawable::moveTo(short, short)
 .text._ZN8touchgfx8Drawable14setupDrawChainERKNS_4RectEPPS0_
                0x08008f4c       0x14 TouchGFX/build/STM32F746-DISCO/TouchGFX/generated/gui_generated/src/screen1_screen/Screen1ViewBase.o
                0x08008f4c                touchgfx::Drawable::setupDrawChain(touchgfx::Rect const&, touchgfx::Drawable**)
 .text._ZN8touchgfx6Screen11setupScreenEv
                0x08008f60        0x2 TouchGFX/build/STM32F746-DISCO/TouchGFX/generated/gui_generated/src/screen1_screen/Screen1ViewBase.o
                0x08008f60                touchgfx::Screen::setupScreen()
 .text._ZN8touchgfx6Screen14tearDownScreenEv
                0x08008f62        0x2 TouchGFX/build/STM32F746-DISCO/TouchGFX/generated/gui_generated/src/screen1_screen/Screen1ViewBase.o
                0x08008f62                touchgfx::Screen::tearDownScreen()
 .text._ZN8touchgfx6Widget12getLastChildEssPPNS_8DrawableE
                0x08008f64       0x10 TouchGFX/build/STM32F746-DISCO/TouchGFX/generated/gui_generated/src/screen1_screen/Screen1ViewBase.o
                0x08008f64                touchgfx::Widget::getLastChild(short, short, touchgfx::Drawable**)
 .text._ZN15Screen1ViewBaseD2Ev
                0x08008f74        0x2 TouchGFX/build/STM32F746-DISCO/TouchGFX/generated/gui_generated/src/screen1_screen/Screen1ViewBase.o
                0x08008f74                Screen1ViewBase::~Screen1ViewBase()
                0x08008f74                Screen1ViewBase::~Screen1ViewBase()
 .text._ZN15Screen1ViewBase11setupScreenEv
                0x08008f76        0x2 TouchGFX/build/STM32F746-DISCO/TouchGFX/generated/gui_generated/src/screen1_screen/Screen1ViewBase.o
                0x08008f76                Screen1ViewBase::setupScreen()
 .text._ZN8touchgfx24BoxWithBorderButtonStyleINS_18ClickButtonTriggerEED2Ev
                0x08008f78        0x2 TouchGFX/build/STM32F746-DISCO/TouchGFX/generated/gui_generated/src/screen1_screen/Screen1ViewBase.o
                0x08008f78                touchgfx::BoxWithBorderButtonStyle<touchgfx::ClickButtonTrigger>::~BoxWithBorderButtonStyle()
                0x08008f78                touchgfx::BoxWithBorderButtonStyle<touchgfx::ClickButtonTrigger>::~BoxWithBorderButtonStyle()
 .text._ZN8touchgfx24BoxWithBorderButtonStyleINS_18ClickButtonTriggerEE20handlePressedUpdatedEv
                0x08008f7a       0x1a TouchGFX/build/STM32F746-DISCO/TouchGFX/generated/gui_generated/src/screen1_screen/Screen1ViewBase.o
                0x08008f7a                touchgfx::BoxWithBorderButtonStyle<touchgfx::ClickButtonTrigger>::handlePressedUpdated()
 .text._ZN8touchgfx24BoxWithBorderButtonStyleINS_18ClickButtonTriggerEE18handleAlphaUpdatedEv
                0x08008f94        0xa TouchGFX/build/STM32F746-DISCO/TouchGFX/generated/gui_generated/src/screen1_screen/Screen1ViewBase.o
                0x08008f94                touchgfx::BoxWithBorderButtonStyle<touchgfx::ClickButtonTrigger>::handleAlphaUpdated()
 .text._ZN8touchgfx24BoxWithBorderButtonStyleINS_18ClickButtonTriggerEED0Ev
                0x08008f9e        0xe TouchGFX/build/STM32F746-DISCO/TouchGFX/generated/gui_generated/src/screen1_screen/Screen1ViewBase.o
                0x08008f9e                touchgfx::BoxWithBorderButtonStyle<touchgfx::ClickButtonTrigger>::~BoxWithBorderButtonStyle()
 .text._ZN15Screen1ViewBaseD0Ev
                0x08008fac        0xe TouchGFX/build/STM32F746-DISCO/TouchGFX/generated/gui_generated/src/screen1_screen/Screen1ViewBase.o
                0x08008fac                Screen1ViewBase::~Screen1ViewBase()
 .text._ZN8touchgfx18ClickButtonTrigger16handleClickEventERKNS_10ClickEventE
                0x08008fba       0x54 TouchGFX/build/STM32F746-DISCO/TouchGFX/generated/gui_generated/src/screen1_screen/Screen1ViewBase.o
                0x08008fba                touchgfx::ClickButtonTrigger::handleClickEvent(touchgfx::ClickEvent const&)
 *fill*         0x0800900e        0x2 
 .text._ZN8touchgfx8DrawableC2Ev
                0x08009010       0x2c TouchGFX/build/STM32F746-DISCO/TouchGFX/generated/gui_generated/src/screen1_screen/Screen1ViewBase.o
                0x08009010                touchgfx::Drawable::Drawable()
                0x08009010                touchgfx::Drawable::Drawable()
 .text._ZN8touchgfx5Color20getColorFrom24BitRGBEhhh
                0x0800903c       0x44 TouchGFX/build/STM32F746-DISCO/TouchGFX/generated/gui_generated/src/screen1_screen/Screen1ViewBase.o
                0x0800903c                touchgfx::Color::getColorFrom24BitRGB(unsigned char, unsigned char, unsigned char)
 .text._ZN15Screen1ViewBaseC2Ev
                0x08009080      0x138 TouchGFX/build/STM32F746-DISCO/TouchGFX/generated/gui_generated/src/screen1_screen/Screen1ViewBase.o
                0x08009080                Screen1ViewBase::Screen1ViewBase()
                0x08009080                Screen1ViewBase::Screen1ViewBase()
 .text._ZN8touchgfx10Transition8tearDownEv
                0x080091b8        0x2 TouchGFX/build/STM32F746-DISCO/TouchGFX/generated/gui_generated/src/common/FrontendApplicationBase.o
                0x080091b8                touchgfx::Transition::tearDown()
 .text._ZN8touchgfx10Transition4initEv
                0x080091ba        0x2 TouchGFX/build/STM32F746-DISCO/TouchGFX/generated/gui_generated/src/common/FrontendApplicationBase.o
                0x080091ba                touchgfx::Transition::init()
 .text._ZN8touchgfx10Transition18setScreenContainerERNS_9ContainerE
                0x080091bc        0x4 TouchGFX/build/STM32F746-DISCO/TouchGFX/generated/gui_generated/src/common/FrontendApplicationBase.o
                0x080091bc                touchgfx::Transition::setScreenContainer(touchgfx::Container&)
 .text._ZN23FrontendApplicationBaseD2Ev
                0x080091c0        0x2 TouchGFX/build/STM32F746-DISCO/TouchGFX/generated/gui_generated/src/common/FrontendApplicationBase.o
                0x080091c0                FrontendApplicationBase::~FrontendApplicationBase()
                0x080091c0                FrontendApplicationBase::~FrontendApplicationBase()
 .text._ZN8touchgfx12NoTransitionD2Ev
                0x080091c2        0x2 TouchGFX/build/STM32F746-DISCO/TouchGFX/generated/gui_generated/src/common/FrontendApplicationBase.o
                0x080091c2                touchgfx::NoTransition::~NoTransition()
                0x080091c2                touchgfx::NoTransition::~NoTransition()
 .text._ZN8touchgfx12NoTransition15handleTickEventEv
                0x080091c4        0x6 TouchGFX/build/STM32F746-DISCO/TouchGFX/generated/gui_generated/src/common/FrontendApplicationBase.o
                0x080091c4                touchgfx::NoTransition::handleTickEvent()
 .text._ZN8touchgfx8CallbackI23FrontendApplicationBasevvvED2Ev
                0x080091ca        0x2 TouchGFX/build/STM32F746-DISCO/TouchGFX/generated/gui_generated/src/common/FrontendApplicationBase.o
                0x080091ca                touchgfx::Callback<FrontendApplicationBase, void, void, void>::~Callback()
                0x080091ca                touchgfx::Callback<FrontendApplicationBase, void, void, void>::~Callback()
 .text._ZN8touchgfx8CallbackI23FrontendApplicationBasevvvE7executeEv
                0x080091cc       0x20 TouchGFX/build/STM32F746-DISCO/TouchGFX/generated/gui_generated/src/common/FrontendApplicationBase.o
                0x080091cc                touchgfx::Callback<FrontendApplicationBase, void, void, void>::execute()
 .text._ZNK8touchgfx8CallbackI23FrontendApplicationBasevvvE7isValidEv
                0x080091ec       0x18 TouchGFX/build/STM32F746-DISCO/TouchGFX/generated/gui_generated/src/common/FrontendApplicationBase.o
                0x080091ec                touchgfx::Callback<FrontendApplicationBase, void, void, void>::isValid() const
 .text._ZN8touchgfx12NoTransitionD0Ev
                0x08009204        0xe TouchGFX/build/STM32F746-DISCO/TouchGFX/generated/gui_generated/src/common/FrontendApplicationBase.o
                0x08009204                touchgfx::NoTransition::~NoTransition()
 .text._ZN23FrontendApplicationBaseD0Ev
                0x08009212       0x10 TouchGFX/build/STM32F746-DISCO/TouchGFX/generated/gui_generated/src/common/FrontendApplicationBase.o
                0x08009212                FrontendApplicationBase::~FrontendApplicationBase()
 .text._ZN8touchgfx8CallbackI23FrontendApplicationBasevvvED0Ev
                0x08009222        0xe TouchGFX/build/STM32F746-DISCO/TouchGFX/generated/gui_generated/src/common/FrontendApplicationBase.o
                0x08009222                touchgfx::Callback<FrontendApplicationBase, void, void, void>::~Callback()
 .text._ZN23FrontendApplicationBaseC2ER5ModelR12FrontendHeap
                0x08009230       0x68 TouchGFX/build/STM32F746-DISCO/TouchGFX/generated/gui_generated/src/common/FrontendApplicationBase.o
                0x08009230                FrontendApplicationBase::FrontendApplicationBase(Model&, FrontendHeap&)
                0x08009230                FrontendApplicationBase::FrontendApplicationBase(Model&, FrontendHeap&)
 .text._ZN23FrontendApplicationBase29gotoScreen1ScreenNoTransitionEv
                0x08009298       0x20 TouchGFX/build/STM32F746-DISCO/TouchGFX/generated/gui_generated/src/common/FrontendApplicationBase.o
                0x08009298                FrontendApplicationBase::gotoScreen1ScreenNoTransition()
 .text._ZN8touchgfx14makeTransitionI11Screen1View16Screen1PresenterNS_12NoTransitionE5ModelEEPT0_PPNS_6ScreenEPPNS_9PresenterERNS_7MVPHeapEPPNS_10TransitionEPT2_
                0x080092b8      0x140 TouchGFX/build/STM32F746-DISCO/TouchGFX/generated/gui_generated/src/common/FrontendApplicationBase.o
                0x080092b8                Screen1Presenter* touchgfx::makeTransition<Screen1View, Screen1Presenter, touchgfx::NoTransition, Model>(touchgfx::Screen**, touchgfx::Presenter**, touchgfx::MVPHeap&, touchgfx::Transition**, Model*)
 .text._ZN23FrontendApplicationBase33gotoScreen1ScreenNoTransitionImplEv
                0x080093f8       0x28 TouchGFX/build/STM32F746-DISCO/TouchGFX/generated/gui_generated/src/common/FrontendApplicationBase.o
                0x080093f8                FrontendApplicationBase::gotoScreen1ScreenNoTransitionImpl()
 .text._ZNK8touchgfx4Font8getGlyphEt
                0x08009420       0x18 TouchGFX/build/STM32F746-DISCO/TouchGFX/generated/fonts/src/GeneratedFont.o
                0x08009420                touchgfx::Font::getGlyph(unsigned short) const
 .text._ZNK8touchgfx4Font15getFallbackCharEv
                0x08009438        0x4 TouchGFX/build/STM32F746-DISCO/TouchGFX/generated/fonts/src/GeneratedFont.o
                0x08009438                touchgfx::Font::getFallbackChar() const
 .text._ZNK8touchgfx4Font15getEllipsisCharEv
                0x0800943c        0x4 TouchGFX/build/STM32F746-DISCO/TouchGFX/generated/fonts/src/GeneratedFont.o
                0x0800943c                touchgfx::Font::getEllipsisChar() const
 .text._ZNK8touchgfx4Font13getFontHeightEv
                0x08009440        0x4 TouchGFX/build/STM32F746-DISCO/TouchGFX/generated/fonts/src/GeneratedFont.o
                0x08009440                touchgfx::Font::getFontHeight() const
 .text._ZNK8touchgfx4Font20getMinimumTextHeightEv
                0x08009444        0xa TouchGFX/build/STM32F746-DISCO/TouchGFX/generated/fonts/src/GeneratedFont.o
                0x08009444                touchgfx::Font::getMinimumTextHeight() const
 .text._ZNK8touchgfx4Font15getBitsPerPixelEv
                0x0800944e        0x8 TouchGFX/build/STM32F746-DISCO/TouchGFX/generated/fonts/src/GeneratedFont.o
                0x0800944e                touchgfx::Font::getBitsPerPixel() const
 .text._ZNK8touchgfx4Font15getDataFormatA4Ev
                0x08009456        0x6 TouchGFX/build/STM32F746-DISCO/TouchGFX/generated/fonts/src/GeneratedFont.o
                0x08009456                touchgfx::Font::getDataFormatA4() const
 .text._ZNK8touchgfx13GeneratedFont12getGSUBTableEv
                0x0800945c        0x4 TouchGFX/build/STM32F746-DISCO/TouchGFX/generated/fonts/src/GeneratedFont.o
                0x0800945c                touchgfx::GeneratedFont::getGSUBTable() const
 .text._ZN8touchgfx13GeneratedFontD2Ev
                0x08009460        0x2 TouchGFX/build/STM32F746-DISCO/TouchGFX/generated/fonts/src/GeneratedFont.o
                0x08009460                touchgfx::GeneratedFont::~GeneratedFont()
                0x08009460                touchgfx::GeneratedFont::~GeneratedFont()
 .text._ZNK8touchgfx13GeneratedFont12getPixelDataEPKNS_9GlyphNodeE
                0x08009462       0x10 TouchGFX/build/STM32F746-DISCO/TouchGFX/generated/fonts/src/GeneratedFont.o
                0x08009462                touchgfx::GeneratedFont::getPixelData(touchgfx::GlyphNode const*) const
 .text._ZNK8touchgfx13GeneratedFont10getKerningEtPKNS_9GlyphNodeE
                0x08009472       0x3a TouchGFX/build/STM32F746-DISCO/TouchGFX/generated/fonts/src/GeneratedFont.o
                0x08009472                touchgfx::GeneratedFont::getKerning(unsigned short, touchgfx::GlyphNode const*) const
 .text._ZN8touchgfx13GeneratedFontD0Ev
                0x080094ac        0xe TouchGFX/build/STM32F746-DISCO/TouchGFX/generated/fonts/src/GeneratedFont.o
                0x080094ac                touchgfx::GeneratedFont::~GeneratedFont()
 *fill*         0x080094ba        0x2 
 .text._ZN8touchgfx13GeneratedFontC2EPKNS_9GlyphNodeEtthhhhhPKPKhPKNS_11KerningNodeEttPKt
                0x080094bc       0x50 TouchGFX/build/STM32F746-DISCO/TouchGFX/generated/fonts/src/GeneratedFont.o
                0x080094bc                touchgfx::GeneratedFont::GeneratedFont(touchgfx::GlyphNode const*, unsigned short, unsigned short, unsigned char, unsigned char, unsigned char, unsigned char, unsigned char, unsigned char const* const*, touchgfx::KerningNode const*, unsigned short, unsigned short, unsigned short const*)
                0x080094bc                touchgfx::GeneratedFont::GeneratedFont(touchgfx::GlyphNode const*, unsigned short, unsigned short, unsigned char, unsigned char, unsigned char, unsigned char, unsigned char, unsigned char const* const*, touchgfx::KerningNode const*, unsigned short, unsigned short, unsigned short const*)
 .text._Z23getFont_verdana_10_4bppv
                0x0800950c       0x74 TouchGFX/build/STM32F746-DISCO/TouchGFX/generated/fonts/src/Table_verdana_10_4bpp.o
                0x0800950c                getFont_verdana_10_4bpp()
 .text._Z23getFont_verdana_40_4bppv
                0x08009580       0x74 TouchGFX/build/STM32F746-DISCO/TouchGFX/generated/fonts/src/Table_verdana_40_4bpp.o
                0x08009580                getFont_verdana_40_4bpp()
 .text._Z23getFont_verdana_20_4bppv
                0x080095f4       0x74 TouchGFX/build/STM32F746-DISCO/TouchGFX/generated/fonts/src/Table_verdana_20_4bpp.o
                0x080095f4                getFont_verdana_20_4bpp()
 .text._ZN23ApplicationFontProviderD2Ev
                0x08009668        0x2 TouchGFX/build/STM32F746-DISCO/TouchGFX/generated/fonts/src/ApplicationFontProvider.o
                0x08009668                ApplicationFontProvider::~ApplicationFontProvider()
                0x08009668                ApplicationFontProvider::~ApplicationFontProvider()
 .text._ZN23ApplicationFontProviderD0Ev
                0x0800966a        0xe TouchGFX/build/STM32F746-DISCO/TouchGFX/generated/fonts/src/ApplicationFontProvider.o
                0x0800966a                ApplicationFontProvider::~ApplicationFontProvider()
 .text._ZN23ApplicationFontProvider7getFontEt
                0x08009678       0x28 TouchGFX/build/STM32F746-DISCO/TouchGFX/generated/fonts/src/ApplicationFontProvider.o
                0x08009678                ApplicationFontProvider::getFont(unsigned short)
 .text._ZN14BitmapDatabase11getInstanceEv
                0x080096a0        0x8 TouchGFX/build/STM32F746-DISCO/TouchGFX/generated/images/src/BitmapDatabase.o
                0x080096a0                BitmapDatabase::getInstance()
 .text._ZN14BitmapDatabase15getInstanceSizeEv
                0x080096a8        0x4 TouchGFX/build/STM32F746-DISCO/TouchGFX/generated/images/src/BitmapDatabase.o
                0x080096a8                BitmapDatabase::getInstanceSize()
 .text._ZN17TypedTextDatabase15getInstanceSizeEv
                0x080096ac        0x4 TouchGFX/build/STM32F746-DISCO/TouchGFX/generated/texts/src/TypedTextDatabase.o
                0x080096ac                TypedTextDatabase::getInstanceSize()
 .text._ZN17TypedTextDatabase8getFontsEv
                0x080096b0        0x8 TouchGFX/build/STM32F746-DISCO/TouchGFX/generated/texts/src/TypedTextDatabase.o
                0x080096b0                TypedTextDatabase::getFonts()
 .text.startup._GLOBAL__sub_I__fonts
                0x080096b8       0x1c TouchGFX/build/STM32F746-DISCO/TouchGFX/generated/texts/src/TypedTextDatabase.o
 .text._ZN8touchgfx5Texts11setLanguageEt
                0x080096d4       0x68 TouchGFX/build/STM32F746-DISCO/TouchGFX/generated/texts/src/Texts.o
                0x080096d4                touchgfx::Texts::setLanguage(unsigned short)
 .text._ZN8touchgfx3HAL21setDisplayOrientationENS_18DisplayOrientationE
                0x0800973c        0xc TouchGFX/build/STM32F746-DISCO/TouchGFX/target/generated/TouchGFXGeneratedHAL.o
                0x0800973c                touchgfx::HAL::setDisplayOrientation(touchgfx::DisplayOrientation)
 .text._ZN8touchgfx3HAL11getBlitCapsEv
                0x08009748        0x8 TouchGFX/build/STM32F746-DISCO/TouchGFX/target/generated/TouchGFXGeneratedHAL.o
                0x08009748                touchgfx::HAL::getBlitCaps()
 .text._ZN8touchgfx3HAL9sampleKeyERh
                0x08009750        0x4 TouchGFX/build/STM32F746-DISCO/TouchGFX/target/generated/TouchGFXGeneratedHAL.o
                0x08009750                touchgfx::HAL::sampleKey(unsigned char&)
 .text._ZN8touchgfx3HAL9taskDelayEt
                0x08009754        0xa TouchGFX/build/STM32F746-DISCO/TouchGFX/target/generated/TouchGFXGeneratedHAL.o
                0x08009754                touchgfx::HAL::taskDelay(unsigned short)
 .text._ZN8touchgfx3HAL17getTFTCurrentLineEv
                0x0800975e        0x6 TouchGFX/build/STM32F746-DISCO/TouchGFX/target/generated/TouchGFXGeneratedHAL.o
                0x0800975e                touchgfx::HAL::getTFTCurrentLine()
 .text._ZN8touchgfx3HAL10getDMATypeEv
                0x08009764        0x8 TouchGFX/build/STM32F746-DISCO/TouchGFX/target/generated/TouchGFXGeneratedHAL.o
                0x08009764                touchgfx::HAL::getDMAType()
 .text._ZN20TouchGFXGeneratedHAL19configureInterruptsEv
                0x0800976c       0x14 TouchGFX/build/STM32F746-DISCO/TouchGFX/target/generated/TouchGFXGeneratedHAL.o
                0x0800976c                TouchGFXGeneratedHAL::configureInterrupts()
 .text._ZN20TouchGFXGeneratedHAL28enableLCDControllerInterruptEv
                0x08009780       0x34 TouchGFX/build/STM32F746-DISCO/TouchGFX/target/generated/TouchGFXGeneratedHAL.o
                0x08009780                TouchGFXGeneratedHAL::enableLCDControllerInterrupt()
 .text._ZNK20TouchGFXGeneratedHAL17getTFTFrameBufferEv
                0x080097b4        0xc TouchGFX/build/STM32F746-DISCO/TouchGFX/target/generated/TouchGFXGeneratedHAL.o
                0x080097b4                TouchGFXGeneratedHAL::getTFTFrameBuffer() const
 .text._ZN20TouchGFXGeneratedHAL17setTFTFrameBufferEPt
                0x080097c0       0x10 TouchGFX/build/STM32F746-DISCO/TouchGFX/target/generated/TouchGFXGeneratedHAL.o
                0x080097c0                TouchGFXGeneratedHAL::setTFTFrameBuffer(unsigned short*)
 .text._ZN8touchgfx3HAL28setFrameBufferStartAddressesEPvS1_S1_
                0x080097d0       0x44 TouchGFX/build/STM32F746-DISCO/TouchGFX/target/generated/TouchGFXGeneratedHAL.o
                0x080097d0                touchgfx::HAL::setFrameBufferStartAddresses(void*, void*, void*)
 .text._ZN8touchgfx3HAL26setFrameBufferStartAddressEPvtbb
                0x08009814       0x90 TouchGFX/build/STM32F746-DISCO/TouchGFX/target/generated/TouchGFXGeneratedHAL.o
                0x08009814                touchgfx::HAL::setFrameBufferStartAddress(void*, unsigned short, bool, bool)
 .text._ZN20TouchGFXGeneratedHAL16flushFrameBufferERKN8touchgfx4RectE
                0x080098a4        0x4 TouchGFX/build/STM32F746-DISCO/TouchGFX/target/generated/TouchGFXGeneratedHAL.o
                0x080098a4                TouchGFXGeneratedHAL::flushFrameBuffer(touchgfx::Rect const&)
 .text._ZN8touchgfx3HAL15backPorchExitedEv
                0x080098a8       0x16 TouchGFX/build/STM32F746-DISCO/TouchGFX/target/generated/TouchGFXGeneratedHAL.o
                0x080098a8                touchgfx::HAL::backPorchExited()
 *fill*         0x080098be        0x2 
 .text._ZN8touchgfx3HAL31performDisplayOrientationChangeEv
                0x080098c0       0x60 TouchGFX/build/STM32F746-DISCO/TouchGFX/target/generated/TouchGFXGeneratedHAL.o
                0x080098c0                touchgfx::HAL::performDisplayOrientationChange()
 .text._ZN20TouchGFXGeneratedHAL16enableInterruptsEv
                0x08009920       0x14 TouchGFX/build/STM32F746-DISCO/TouchGFX/target/generated/TouchGFXGeneratedHAL.o
                0x08009920                TouchGFXGeneratedHAL::enableInterrupts()
 .text._ZN20TouchGFXGeneratedHAL17disableInterruptsEv
                0x08009934       0x28 TouchGFX/build/STM32F746-DISCO/TouchGFX/target/generated/TouchGFXGeneratedHAL.o
                0x08009934                TouchGFXGeneratedHAL::disableInterrupts()
 .text._ZN20TouchGFXGeneratedHAL10initializeEv
                0x0800995c       0x34 TouchGFX/build/STM32F746-DISCO/TouchGFX/target/generated/TouchGFXGeneratedHAL.o
                0x0800995c                TouchGFXGeneratedHAL::initialize()
 .text.HAL_LTDC_LineEventCallback
                0x08009990       0x60 TouchGFX/build/STM32F746-DISCO/TouchGFX/target/generated/TouchGFXGeneratedHAL.o
                0x08009990                HAL_LTDC_LineEventCallback
 .text.SCB_CleanInvalidateDCache
                0x080099f0       0x54 TouchGFX/build/STM32F746-DISCO/TouchGFX/target/generated/STM32DMA.o
 .text._ZN8touchgfx13DMA_Interface5flushEv
                0x08009a44        0x6 TouchGFX/build/STM32F746-DISCO/TouchGFX/target/generated/STM32DMA.o
                0x08009a44                touchgfx::DMA_Interface::flush()
 .text._ZN8touchgfx13DMA_Interface10getDMATypeEv
                0x08009a4a        0x4 TouchGFX/build/STM32F746-DISCO/TouchGFX/target/generated/STM32DMA.o
                0x08009a4a                touchgfx::DMA_Interface::getDMAType()
 .text._ZN10STM32F7DMA18signalDMAInterruptEv
                0x08009a4e        0x6 TouchGFX/build/STM32F746-DISCO/TouchGFX/target/generated/STM32DMA.o
                0x08009a4e                STM32F7DMA::signalDMAInterrupt()
 .text._ZN10STM32F7DMA11getBlitCapsEv
                0x08009a54        0x6 TouchGFX/build/STM32F746-DISCO/TouchGFX/target/generated/STM32DMA.o
                0x08009a54                STM32F7DMA::getBlitCaps()
 *fill*         0x08009a5a        0x2 
 .text._ZN10STM32F7DMA10initializeEv
                0x08009a5c       0x34 TouchGFX/build/STM32F746-DISCO/TouchGFX/target/generated/STM32DMA.o
                0x08009a5c                STM32F7DMA::initialize()
 .text.DMA2D_XferErrorCallback
                0x08009a90       0x1c TouchGFX/build/STM32F746-DISCO/TouchGFX/target/generated/STM32DMA.o
 .text.DMA2D_XferCpltCallback
                0x08009aac       0x1c TouchGFX/build/STM32F746-DISCO/TouchGFX/target/generated/STM32DMA.o
 .text._ZN10STM32F7DMAD2Ev
                0x08009ac8       0x30 TouchGFX/build/STM32F746-DISCO/TouchGFX/target/generated/STM32DMA.o
                0x08009ac8                STM32F7DMA::~STM32F7DMA()
                0x08009ac8                STM32F7DMA::~STM32F7DMA()
 .text._ZN10STM32F7DMAD0Ev
                0x08009af8       0x16 TouchGFX/build/STM32F746-DISCO/TouchGFX/target/generated/STM32DMA.o
                0x08009af8                STM32F7DMA::~STM32F7DMA()
 *fill*         0x08009b0e        0x2 
 .text._ZN8touchgfx3HAL3lcdEv
                0x08009b10       0x18 TouchGFX/build/STM32F746-DISCO/TouchGFX/target/generated/STM32DMA.o
                0x08009b10                touchgfx::HAL::lcd()
 .text._ZN10STM32F7DMA13setupDataCopyERKN8touchgfx6BlitOpE
                0x08009b28      0x1a8 TouchGFX/build/STM32F746-DISCO/TouchGFX/target/generated/STM32DMA.o
                0x08009b28                STM32F7DMA::setupDataCopy(touchgfx::BlitOp const&)
 .text._ZN10STM32F7DMA13setupDataFillERKN8touchgfx6BlitOpE
                0x08009cd0      0x10c TouchGFX/build/STM32F746-DISCO/TouchGFX/target/generated/STM32DMA.o
                0x08009cd0                STM32F7DMA::setupDataFill(touchgfx::BlitOp const&)
 .text._ZN10STM32F7DMAC2Ev
                0x08009ddc       0x34 TouchGFX/build/STM32F746-DISCO/TouchGFX/target/generated/STM32DMA.o
                0x08009ddc                STM32F7DMA::STM32F7DMA()
                0x08009ddc                STM32F7DMA::STM32F7DMA()
 .text._ZN8touchgfx10OSWrappers10initializeEv
                0x08009e10       0x34 TouchGFX/build/STM32F746-DISCO/TouchGFX/target/generated/OSWrappers.o
                0x08009e10                touchgfx::OSWrappers::initialize()
 .text._ZN8touchgfx10OSWrappers24takeFrameBufferSemaphoreEv
                0x08009e44       0x10 TouchGFX/build/STM32F746-DISCO/TouchGFX/target/generated/OSWrappers.o
                0x08009e44                touchgfx::OSWrappers::takeFrameBufferSemaphore()
 .text._ZN8touchgfx10OSWrappers24giveFrameBufferSemaphoreEv
                0x08009e54       0x14 TouchGFX/build/STM32F746-DISCO/TouchGFX/target/generated/OSWrappers.o
                0x08009e54                touchgfx::OSWrappers::giveFrameBufferSemaphore()
 .text._ZN8touchgfx10OSWrappers27tryTakeFrameBufferSemaphoreEv
                0x08009e68       0x10 TouchGFX/build/STM32F746-DISCO/TouchGFX/target/generated/OSWrappers.o
                0x08009e68                touchgfx::OSWrappers::tryTakeFrameBufferSemaphore()
 .text._ZN8touchgfx10OSWrappers31giveFrameBufferSemaphoreFromISREv
                0x08009e78       0x34 TouchGFX/build/STM32F746-DISCO/TouchGFX/target/generated/OSWrappers.o
                0x08009e78                touchgfx::OSWrappers::giveFrameBufferSemaphoreFromISR()
 .text._ZN8touchgfx10OSWrappers11signalVSyncEv
                0x08009eac       0x3c TouchGFX/build/STM32F746-DISCO/TouchGFX/target/generated/OSWrappers.o
                0x08009eac                touchgfx::OSWrappers::signalVSync()
 .text._ZN8touchgfx10OSWrappers12waitForVSyncEv
                0x08009ee8       0x28 TouchGFX/build/STM32F746-DISCO/TouchGFX/target/generated/OSWrappers.o
                0x08009ee8                touchgfx::OSWrappers::waitForVSync()
 .text._ZN8touchgfx8LCD16bppD2Ev
                0x08009f10        0x2 TouchGFX/build/STM32F746-DISCO/TouchGFX/target/generated/TouchGFXConfiguration.o
                0x08009f10                touchgfx::LCD16bpp::~LCD16bpp()
                0x08009f10                touchgfx::LCD16bpp::~LCD16bpp()
 .text._ZN20STM32TouchControllerD2Ev
                0x08009f12        0x2 TouchGFX/build/STM32F746-DISCO/TouchGFX/target/generated/TouchGFXConfiguration.o
                0x08009f12                STM32TouchController::~STM32TouchController()
                0x08009f12                STM32TouchController::~STM32TouchController()
 .text._ZN11TouchGFXHALD2Ev
                0x08009f14        0x2 TouchGFX/build/STM32F746-DISCO/TouchGFX/target/generated/TouchGFXConfiguration.o
                0x08009f14                TouchGFXHAL::~TouchGFXHAL()
                0x08009f14                TouchGFXHAL::~TouchGFXHAL()
 .text._ZNK8touchgfx9PartitionINS_4meta8TypeListINS_12NoTransitionENS2_INS1_3NilES4_EEEELt1EE8capacityEv
                0x08009f16        0x4 TouchGFX/build/STM32F746-DISCO/TouchGFX/target/generated/TouchGFXConfiguration.o
                0x08009f16                touchgfx::Partition<touchgfx::meta::TypeList<touchgfx::NoTransition, touchgfx::meta::TypeList<touchgfx::meta::Nil, touchgfx::meta::Nil> >, (unsigned short)1>::capacity() const
 .text._ZN8touchgfx9PartitionINS_4meta8TypeListINS_12NoTransitionENS2_INS1_3NilES4_EEEELt1EE12element_sizeEv
                0x08009f1a        0x4 TouchGFX/build/STM32F746-DISCO/TouchGFX/target/generated/TouchGFXConfiguration.o
                0x08009f1a                touchgfx::Partition<touchgfx::meta::TypeList<touchgfx::NoTransition, touchgfx::meta::TypeList<touchgfx::meta::Nil, touchgfx::meta::Nil> >, (unsigned short)1>::element_size()
 .text._ZN8touchgfx9PartitionINS_4meta8TypeListINS_12NoTransitionENS2_INS1_3NilES4_EEEELt1EE7elementEt
                0x08009f1e        0xa TouchGFX/build/STM32F746-DISCO/TouchGFX/target/generated/TouchGFXConfiguration.o
                0x08009f1e                touchgfx::Partition<touchgfx::meta::TypeList<touchgfx::NoTransition, touchgfx::meta::TypeList<touchgfx::meta::Nil, touchgfx::meta::Nil> >, (unsigned short)1>::element(unsigned short)
 .text._ZNK8touchgfx9PartitionINS_4meta8TypeListINS_12NoTransitionENS2_INS1_3NilES4_EEEELt1EE7elementEt
                0x08009f28        0xa TouchGFX/build/STM32F746-DISCO/TouchGFX/target/generated/TouchGFXConfiguration.o
                0x08009f28                touchgfx::Partition<touchgfx::meta::TypeList<touchgfx::NoTransition, touchgfx::meta::TypeList<touchgfx::meta::Nil, touchgfx::meta::Nil> >, (unsigned short)1>::element(unsigned short) const
 .text._ZNK8touchgfx9PartitionINS_4meta8TypeListI11Screen1ViewNS2_INS1_3NilES4_EEEELt1EE8capacityEv
                0x08009f32        0x4 TouchGFX/build/STM32F746-DISCO/TouchGFX/target/generated/TouchGFXConfiguration.o
                0x08009f32                touchgfx::Partition<touchgfx::meta::TypeList<Screen1View, touchgfx::meta::TypeList<touchgfx::meta::Nil, touchgfx::meta::Nil> >, (unsigned short)1>::capacity() const
 .text._ZN8touchgfx9PartitionINS_4meta8TypeListI11Screen1ViewNS2_INS1_3NilES4_EEEELt1EE12element_sizeEv
                0x08009f36        0x4 TouchGFX/build/STM32F746-DISCO/TouchGFX/target/generated/TouchGFXConfiguration.o
                0x08009f36                touchgfx::Partition<touchgfx::meta::TypeList<Screen1View, touchgfx::meta::TypeList<touchgfx::meta::Nil, touchgfx::meta::Nil> >, (unsigned short)1>::element_size()
 .text._ZN8touchgfx9PartitionINS_4meta8TypeListI11Screen1ViewNS2_INS1_3NilES4_EEEELt1EE7elementEt
                0x08009f3a        0xa TouchGFX/build/STM32F746-DISCO/TouchGFX/target/generated/TouchGFXConfiguration.o
                0x08009f3a                touchgfx::Partition<touchgfx::meta::TypeList<Screen1View, touchgfx::meta::TypeList<touchgfx::meta::Nil, touchgfx::meta::Nil> >, (unsigned short)1>::element(unsigned short)
 .text._ZNK8touchgfx9PartitionINS_4meta8TypeListI11Screen1ViewNS2_INS1_3NilES4_EEEELt1EE7elementEt
                0x08009f44        0xa TouchGFX/build/STM32F746-DISCO/TouchGFX/target/generated/TouchGFXConfiguration.o
                0x08009f44                touchgfx::Partition<touchgfx::meta::TypeList<Screen1View, touchgfx::meta::TypeList<touchgfx::meta::Nil, touchgfx::meta::Nil> >, (unsigned short)1>::element(unsigned short) const
 .text._ZNK8touchgfx9PartitionINS_4meta8TypeListI16Screen1PresenterNS2_INS1_3NilES4_EEEELt1EE8capacityEv
                0x08009f4e        0x4 TouchGFX/build/STM32F746-DISCO/TouchGFX/target/generated/TouchGFXConfiguration.o
                0x08009f4e                touchgfx::Partition<touchgfx::meta::TypeList<Screen1Presenter, touchgfx::meta::TypeList<touchgfx::meta::Nil, touchgfx::meta::Nil> >, (unsigned short)1>::capacity() const
 .text._ZN8touchgfx9PartitionINS_4meta8TypeListI16Screen1PresenterNS2_INS1_3NilES4_EEEELt1EE12element_sizeEv
                0x08009f52        0x4 TouchGFX/build/STM32F746-DISCO/TouchGFX/target/generated/TouchGFXConfiguration.o
                0x08009f52                touchgfx::Partition<touchgfx::meta::TypeList<Screen1Presenter, touchgfx::meta::TypeList<touchgfx::meta::Nil, touchgfx::meta::Nil> >, (unsigned short)1>::element_size()
 .text._ZN8touchgfx9PartitionINS_4meta8TypeListI16Screen1PresenterNS2_INS1_3NilES4_EEEELt1EE7elementEt
                0x08009f56        0x8 TouchGFX/build/STM32F746-DISCO/TouchGFX/target/generated/TouchGFXConfiguration.o
                0x08009f56                touchgfx::Partition<touchgfx::meta::TypeList<Screen1Presenter, touchgfx::meta::TypeList<touchgfx::meta::Nil, touchgfx::meta::Nil> >, (unsigned short)1>::element(unsigned short)
 .text._ZNK8touchgfx9PartitionINS_4meta8TypeListI16Screen1PresenterNS2_INS1_3NilES4_EEEELt1EE7elementEt
                0x08009f5e        0x8 TouchGFX/build/STM32F746-DISCO/TouchGFX/target/generated/TouchGFXConfiguration.o
                0x08009f5e                touchgfx::Partition<touchgfx::meta::TypeList<Screen1Presenter, touchgfx::meta::TypeList<touchgfx::meta::Nil, touchgfx::meta::Nil> >, (unsigned short)1>::element(unsigned short) const
 .text._ZN16FrontendHeapBase15gotoStartScreenER19FrontendApplication
                0x08009f66        0x6 TouchGFX/build/STM32F746-DISCO/TouchGFX/target/generated/TouchGFXConfiguration.o
                0x08009f66                FrontendHeapBase::gotoStartScreen(FrontendApplication&)
 .text._ZN8touchgfx9PartitionINS_4meta8TypeListINS_12NoTransitionENS2_INS1_3NilES4_EEEELt1EED2Ev
                0x08009f6c       0x14 TouchGFX/build/STM32F746-DISCO/TouchGFX/target/generated/TouchGFXConfiguration.o
                0x08009f6c                touchgfx::Partition<touchgfx::meta::TypeList<touchgfx::NoTransition, touchgfx::meta::TypeList<touchgfx::meta::Nil, touchgfx::meta::Nil> >, (unsigned short)1>::~Partition()
                0x08009f6c                touchgfx::Partition<touchgfx::meta::TypeList<touchgfx::NoTransition, touchgfx::meta::TypeList<touchgfx::meta::Nil, touchgfx::meta::Nil> >, (unsigned short)1>::~Partition()
 .text._ZN8touchgfx9PartitionINS_4meta8TypeListINS_12NoTransitionENS2_INS1_3NilES4_EEEELt1EED0Ev
                0x08009f80       0x14 TouchGFX/build/STM32F746-DISCO/TouchGFX/target/generated/TouchGFXConfiguration.o
                0x08009f80                touchgfx::Partition<touchgfx::meta::TypeList<touchgfx::NoTransition, touchgfx::meta::TypeList<touchgfx::meta::Nil, touchgfx::meta::Nil> >, (unsigned short)1>::~Partition()
 .text._ZN8touchgfx9PartitionINS_4meta8TypeListI11Screen1ViewNS2_INS1_3NilES4_EEEELt1EED2Ev
                0x08009f94       0x14 TouchGFX/build/STM32F746-DISCO/TouchGFX/target/generated/TouchGFXConfiguration.o
                0x08009f94                touchgfx::Partition<touchgfx::meta::TypeList<Screen1View, touchgfx::meta::TypeList<touchgfx::meta::Nil, touchgfx::meta::Nil> >, (unsigned short)1>::~Partition()
                0x08009f94                touchgfx::Partition<touchgfx::meta::TypeList<Screen1View, touchgfx::meta::TypeList<touchgfx::meta::Nil, touchgfx::meta::Nil> >, (unsigned short)1>::~Partition()
 .text._ZN8touchgfx9PartitionINS_4meta8TypeListI11Screen1ViewNS2_INS1_3NilES4_EEEELt1EED0Ev
                0x08009fa8       0x14 TouchGFX/build/STM32F746-DISCO/TouchGFX/target/generated/TouchGFXConfiguration.o
                0x08009fa8                touchgfx::Partition<touchgfx::meta::TypeList<Screen1View, touchgfx::meta::TypeList<touchgfx::meta::Nil, touchgfx::meta::Nil> >, (unsigned short)1>::~Partition()
 .text._ZN8touchgfx9PartitionINS_4meta8TypeListI16Screen1PresenterNS2_INS1_3NilES4_EEEELt1EED2Ev
                0x08009fbc       0x14 TouchGFX/build/STM32F746-DISCO/TouchGFX/target/generated/TouchGFXConfiguration.o
                0x08009fbc                touchgfx::Partition<touchgfx::meta::TypeList<Screen1Presenter, touchgfx::meta::TypeList<touchgfx::meta::Nil, touchgfx::meta::Nil> >, (unsigned short)1>::~Partition()
                0x08009fbc                touchgfx::Partition<touchgfx::meta::TypeList<Screen1Presenter, touchgfx::meta::TypeList<touchgfx::meta::Nil, touchgfx::meta::Nil> >, (unsigned short)1>::~Partition()
 .text._ZN8touchgfx9PartitionINS_4meta8TypeListI16Screen1PresenterNS2_INS1_3NilES4_EEEELt1EED0Ev
                0x08009fd0       0x14 TouchGFX/build/STM32F746-DISCO/TouchGFX/target/generated/TouchGFXConfiguration.o
                0x08009fd0                touchgfx::Partition<touchgfx::meta::TypeList<Screen1Presenter, touchgfx::meta::TypeList<touchgfx::meta::Nil, touchgfx::meta::Nil> >, (unsigned short)1>::~Partition()
 .text._ZN12FrontendHeapD2Ev
                0x08009fe4       0x28 TouchGFX/build/STM32F746-DISCO/TouchGFX/target/generated/TouchGFXConfiguration.o
                0x08009fe4                FrontendHeap::~FrontendHeap()
                0x08009fe4                FrontendHeap::~FrontendHeap()
 .text._ZN12FrontendHeapD0Ev
                0x0800a00c       0x16 TouchGFX/build/STM32F746-DISCO/TouchGFX/target/generated/TouchGFXConfiguration.o
                0x0800a00c                FrontendHeap::~FrontendHeap()
 .text._ZN8touchgfx8LCD16bppD0Ev
                0x0800a022        0xe TouchGFX/build/STM32F746-DISCO/TouchGFX/target/generated/TouchGFXConfiguration.o
                0x0800a022                touchgfx::LCD16bpp::~LCD16bpp()
 .text.touchgfx_init
                0x0800a030       0xec TouchGFX/build/STM32F746-DISCO/TouchGFX/target/generated/TouchGFXConfiguration.o
                0x0800a030                touchgfx_init
 .text.touchgfx_taskEntry
                0x0800a11c        0xc TouchGFX/build/STM32F746-DISCO/TouchGFX/target/generated/TouchGFXConfiguration.o
                0x0800a11c                touchgfx_taskEntry
 .text._ZN20STM32TouchControllerD0Ev
                0x0800a128        0xe TouchGFX/build/STM32F746-DISCO/TouchGFX/target/generated/TouchGFXConfiguration.o
                0x0800a128                STM32TouchController::~STM32TouchController()
 .text._ZN11TouchGFXHALD0Ev
                0x0800a136        0xe TouchGFX/build/STM32F746-DISCO/TouchGFX/target/generated/TouchGFXConfiguration.o
                0x0800a136                TouchGFXHAL::~TouchGFXHAL()
 .text.startup._GLOBAL__sub_I_touchgfx_init
                0x0800a144      0x120 TouchGFX/build/STM32F746-DISCO/TouchGFX/target/generated/TouchGFXConfiguration.o
 .text._ZN8touchgfx25CortexMMCUInstrumentationD2Ev
                0x0800a264        0x2 TouchGFX/build/STM32F746-DISCO/TouchGFX/target/TouchGFXHAL.o
                0x0800a264                touchgfx::CortexMMCUInstrumentation::~CortexMMCUInstrumentation()
                0x0800a264                touchgfx::CortexMMCUInstrumentation::~CortexMMCUInstrumentation()
 .text._ZNK11TouchGFXHAL17getTFTFrameBufferEv
                0x0800a266        0x4 TouchGFX/build/STM32F746-DISCO/TouchGFX/target/TouchGFXHAL.o
                0x0800a266                TouchGFXHAL::getTFTFrameBuffer() const
 .text._ZN11TouchGFXHAL17setTFTFrameBufferEPt
                0x0800a26a        0x4 TouchGFX/build/STM32F746-DISCO/TouchGFX/target/TouchGFXHAL.o
                0x0800a26a                TouchGFXHAL::setTFTFrameBuffer(unsigned short*)
 *fill*         0x0800a26e        0x2 
 .text._ZN11TouchGFXHAL16flushFrameBufferERKN8touchgfx4RectE
                0x0800a270       0x58 TouchGFX/build/STM32F746-DISCO/TouchGFX/target/TouchGFXHAL.o
                0x0800a270                TouchGFXHAL::flushFrameBuffer(touchgfx::Rect const&)
 .text._ZN11TouchGFXHAL19configureInterruptsEv
                0x0800a2c8        0x4 TouchGFX/build/STM32F746-DISCO/TouchGFX/target/TouchGFXHAL.o
                0x0800a2c8                TouchGFXHAL::configureInterrupts()
 .text._ZN11TouchGFXHAL16enableInterruptsEv
                0x0800a2cc        0x4 TouchGFX/build/STM32F746-DISCO/TouchGFX/target/TouchGFXHAL.o
                0x0800a2cc                TouchGFXHAL::enableInterrupts()
 .text._ZN11TouchGFXHAL17disableInterruptsEv
                0x0800a2d0        0x4 TouchGFX/build/STM32F746-DISCO/TouchGFX/target/TouchGFXHAL.o
                0x0800a2d0                TouchGFXHAL::disableInterrupts()
 .text._ZN11TouchGFXHAL28enableLCDControllerInterruptEv
                0x0800a2d4        0x4 TouchGFX/build/STM32F746-DISCO/TouchGFX/target/TouchGFXHAL.o
                0x0800a2d4                TouchGFXHAL::enableLCDControllerInterrupt()
 .text._ZN11TouchGFXHAL16flushFrameBufferEv
                0x0800a2d8        0x4 TouchGFX/build/STM32F746-DISCO/TouchGFX/target/TouchGFXHAL.o
                0x0800a2d8                TouchGFXHAL::flushFrameBuffer()
 .text._ZN11TouchGFXHAL10initializeEv
                0x0800a2dc       0x24 TouchGFX/build/STM32F746-DISCO/TouchGFX/target/TouchGFXHAL.o
                0x0800a2dc                TouchGFXHAL::initialize()
 .text.IdleTaskHook
                0x0800a300       0x1c TouchGFX/build/STM32F746-DISCO/TouchGFX/target/TouchGFXHAL.o
                0x0800a300                IdleTaskHook
 .text._ZN8touchgfx25CortexMMCUInstrumentationD0Ev
                0x0800a31c        0xe TouchGFX/build/STM32F746-DISCO/TouchGFX/target/TouchGFXHAL.o
                0x0800a31c                touchgfx::CortexMMCUInstrumentation::~CortexMMCUInstrumentation()
 *fill*         0x0800a32a        0x2 
 .text.startup._GLOBAL__sub_I_instrumentation
                0x0800a32c       0x24 TouchGFX/build/STM32F746-DISCO/TouchGFX/target/TouchGFXHAL.o
 .text._ZN8touchgfx4GPIO3setENS0_7GPIO_IDE
                0x0800a350        0x2 TouchGFX/build/STM32F746-DISCO/TouchGFX/target/TouchGFXGPIO.o
                0x0800a350                touchgfx::GPIO::set(touchgfx::GPIO::GPIO_ID)
 .text._ZN8touchgfx4GPIO5clearENS0_7GPIO_IDE
                0x0800a352        0x2 TouchGFX/build/STM32F746-DISCO/TouchGFX/target/TouchGFXGPIO.o
                0x0800a352                touchgfx::GPIO::clear(touchgfx::GPIO::GPIO_ID)
 .text._ZN8touchgfx4GPIO6toggleENS0_7GPIO_IDE
                0x0800a354        0x2 TouchGFX/build/STM32F746-DISCO/TouchGFX/target/TouchGFXGPIO.o
                0x0800a354                touchgfx::GPIO::toggle(touchgfx::GPIO::GPIO_ID)
 *fill*         0x0800a356        0x2 
 .text._ZN20STM32TouchController4initEv
                0x0800a358       0x14 TouchGFX/build/STM32F746-DISCO/TouchGFX/target/STM32TouchController.o
                0x0800a358                STM32TouchController::init()
 .text._ZN20STM32TouchController11sampleTouchERlS0_
                0x0800a36c       0x30 TouchGFX/build/STM32F746-DISCO/TouchGFX/target/STM32TouchController.o
                0x0800a36c                STM32TouchController::sampleTouch(long&, long&)
 .text.TS_IO_Write
                0x0800a39c       0x30 TouchGFX/build/STM32F746-DISCO/TouchGFX/target/STM32TouchController.o
                0x0800a39c                TS_IO_Write
 .text.TS_IO_Read
                0x0800a3cc       0x38 TouchGFX/build/STM32F746-DISCO/TouchGFX/target/STM32TouchController.o
                0x0800a3cc                TS_IO_Read
 .text._ZN8touchgfx18MCUInstrumentation13getCCConsumedEv
                0x0800a404        0x4 TouchGFX/build/STM32F746-DISCO/TouchGFX/target/CortexMMCUInstrumentation.o
                0x0800a404                touchgfx::MCUInstrumentation::getCCConsumed()
 .text._ZN8touchgfx18MCUInstrumentation13setCCConsumedEm
                0x0800a408        0x4 TouchGFX/build/STM32F746-DISCO/TouchGFX/target/CortexMMCUInstrumentation.o
                0x0800a408                touchgfx::MCUInstrumentation::setCCConsumed(unsigned long)
 .text._ZN8touchgfx25CortexMMCUInstrumentation4initEv
                0x0800a40c       0x30 TouchGFX/build/STM32F746-DISCO/TouchGFX/target/CortexMMCUInstrumentation.o
                0x0800a40c                touchgfx::CortexMMCUInstrumentation::init()
 .text._ZN8touchgfx25CortexMMCUInstrumentation12getElapsedUSEjjj
                0x0800a43c        0xc TouchGFX/build/STM32F746-DISCO/TouchGFX/target/CortexMMCUInstrumentation.o
                0x0800a43c                touchgfx::CortexMMCUInstrumentation::getElapsedUS(unsigned int, unsigned int, unsigned int)
 .text._ZN8touchgfx25CortexMMCUInstrumentation12getCPUCyclesEv
                0x0800a448        0xc TouchGFX/build/STM32F746-DISCO/TouchGFX/target/CortexMMCUInstrumentation.o
                0x0800a448                touchgfx::CortexMMCUInstrumentation::getCPUCycles()
 .text._ZN8touchgfx25CortexMMCUInstrumentation12setMCUActiveEb
                0x0800a454       0x1e TouchGFX/build/STM32F746-DISCO/TouchGFX/target/CortexMMCUInstrumentation.o
                0x0800a454                touchgfx::CortexMMCUInstrumentation::setMCUActive(bool)
 *fill*         0x0800a472        0x2 
 .text.SystemInit
                0x0800a474       0x4c TouchGFX/build/STM32F746-DISCO/Core/Src/system_stm32f7xx.o
                0x0800a474                SystemInit
 .text.StartDefaultTask
                0x0800a4c0        0xe TouchGFX/build/STM32F746-DISCO/Core/Src/main.o
                0x0800a4c0                StartDefaultTask
 *fill*         0x0800a4ce        0x2 
 .text.SystemClock_Config
                0x0800a4d0       0xcc TouchGFX/build/STM32F746-DISCO/Core/Src/main.o
                0x0800a4d0                SystemClock_Config
 .text.startup.main
                0x0800a59c      0x828 TouchGFX/build/STM32F746-DISCO/Core/Src/main.o
                0x0800a59c                main
 .text.HAL_TIM_PeriodElapsedCallback
                0x0800adc4       0x14 TouchGFX/build/STM32F746-DISCO/Core/Src/main.o
                0x0800adc4                HAL_TIM_PeriodElapsedCallback
 .text.HAL_InitTick
                0x0800add8       0x78 TouchGFX/build/STM32F746-DISCO/Core/Src/stm32f7xx_hal_timebase_tim.o
                0x0800add8                HAL_InitTick
 .text.HAL_MspInit
                0x0800ae50       0x3c TouchGFX/build/STM32F746-DISCO/Core/Src/stm32f7xx_hal_msp.o
                0x0800ae50                HAL_MspInit
 .text.HAL_CRC_MspInit
                0x0800ae8c       0x2c TouchGFX/build/STM32F746-DISCO/Core/Src/stm32f7xx_hal_msp.o
                0x0800ae8c                HAL_CRC_MspInit
 .text.HAL_DMA2D_MspInit
                0x0800aeb8       0x40 TouchGFX/build/STM32F746-DISCO/Core/Src/stm32f7xx_hal_msp.o
                0x0800aeb8                HAL_DMA2D_MspInit
 .text.HAL_DMA2D_MspDeInit
                0x0800aef8       0x24 TouchGFX/build/STM32F746-DISCO/Core/Src/stm32f7xx_hal_msp.o
                0x0800aef8                HAL_DMA2D_MspDeInit
 .text.HAL_I2C_MspInit
                0x0800af1c       0x6c TouchGFX/build/STM32F746-DISCO/Core/Src/stm32f7xx_hal_msp.o
                0x0800af1c                HAL_I2C_MspInit
 .text.HAL_I2C_MspDeInit
                0x0800af88       0x2c TouchGFX/build/STM32F746-DISCO/Core/Src/stm32f7xx_hal_msp.o
                0x0800af88                HAL_I2C_MspDeInit
 .text.HAL_LTDC_MspInit
                0x0800afb4      0x124 TouchGFX/build/STM32F746-DISCO/Core/Src/stm32f7xx_hal_msp.o
                0x0800afb4                HAL_LTDC_MspInit
 .text.HAL_QSPI_MspInit
                0x0800b0d8       0xdc TouchGFX/build/STM32F746-DISCO/Core/Src/stm32f7xx_hal_msp.o
                0x0800b0d8                HAL_QSPI_MspInit
 .text.HAL_QSPI_MspDeInit
                0x0800b1b4       0x48 TouchGFX/build/STM32F746-DISCO/Core/Src/stm32f7xx_hal_msp.o
                0x0800b1b4                HAL_QSPI_MspDeInit
 .text.HAL_SDRAM_MspInit
                0x0800b1fc       0xd8 TouchGFX/build/STM32F746-DISCO/Core/Src/stm32f7xx_hal_msp.o
                0x0800b1fc                HAL_SDRAM_MspInit
 .text.vApplicationIdleHook
                0x0800b2d4        0xc TouchGFX/build/STM32F746-DISCO/Core/Src/freertos.o
                0x0800b2d4                vApplicationIdleHook
 .text.vApplicationStackOverflowHook
                0x0800b2e0        0x2 TouchGFX/build/STM32F746-DISCO/Core/Src/freertos.o
                0x0800b2e0                vApplicationStackOverflowHook
 .text.vApplicationMallocFailedHook
                0x0800b2e2        0x2 TouchGFX/build/STM32F746-DISCO/Core/Src/freertos.o
                0x0800b2e2                vApplicationMallocFailedHook
 .text.NMI_Handler
                0x0800b2e4        0x2 TouchGFX/build/STM32F746-DISCO/Core/Src/stm32f7xx_it.o
                0x0800b2e4                NMI_Handler
 .text.HardFault_Handler
                0x0800b2e6        0x2 TouchGFX/build/STM32F746-DISCO/Core/Src/stm32f7xx_it.o
                0x0800b2e6                HardFault_Handler
 .text.MemManage_Handler
                0x0800b2e8        0x2 TouchGFX/build/STM32F746-DISCO/Core/Src/stm32f7xx_it.o
                0x0800b2e8                MemManage_Handler
 .text.BusFault_Handler
                0x0800b2ea        0x2 TouchGFX/build/STM32F746-DISCO/Core/Src/stm32f7xx_it.o
                0x0800b2ea                BusFault_Handler
 .text.UsageFault_Handler
                0x0800b2ec        0x2 TouchGFX/build/STM32F746-DISCO/Core/Src/stm32f7xx_it.o
                0x0800b2ec                UsageFault_Handler
 .text.DebugMon_Handler
                0x0800b2ee        0x2 TouchGFX/build/STM32F746-DISCO/Core/Src/stm32f7xx_it.o
                0x0800b2ee                DebugMon_Handler
 .text.TIM6_DAC_IRQHandler
                0x0800b2f0        0xc TouchGFX/build/STM32F746-DISCO/Core/Src/stm32f7xx_it.o
                0x0800b2f0                TIM6_DAC_IRQHandler
 .text.LTDC_IRQHandler
                0x0800b2fc        0xc TouchGFX/build/STM32F746-DISCO/Core/Src/stm32f7xx_it.o
                0x0800b2fc                LTDC_IRQHandler
 .text.DMA2D_IRQHandler
                0x0800b308        0xc TouchGFX/build/STM32F746-DISCO/Core/Src/stm32f7xx_it.o
                0x0800b308                DMA2D_IRQHandler
 .text.HAL_Init
                0x0800b314       0x2c TouchGFX/build/STM32F746-DISCO/Drivers/STM32F7xx_HAL_Driver/Src/stm32f7xx_hal.o
                0x0800b314                HAL_Init
 .text.HAL_IncTick
                0x0800b340       0x18 TouchGFX/build/STM32F746-DISCO/Drivers/STM32F7xx_HAL_Driver/Src/stm32f7xx_hal.o
                0x0800b340                HAL_IncTick
 .text.HAL_GetTick
                0x0800b358        0xc TouchGFX/build/STM32F746-DISCO/Drivers/STM32F7xx_HAL_Driver/Src/stm32f7xx_hal.o
                0x0800b358                HAL_GetTick
 .text.HAL_Delay
                0x0800b364       0x24 TouchGFX/build/STM32F746-DISCO/Drivers/STM32F7xx_HAL_Driver/Src/stm32f7xx_hal.o
                0x0800b364                HAL_Delay
 .text.HAL_RCCEx_PeriphCLKConfig
                0x0800b388      0x548 TouchGFX/build/STM32F746-DISCO/Drivers/STM32F7xx_HAL_Driver/Src/stm32f7xx_hal_rcc_ex.o
                0x0800b388                HAL_RCCEx_PeriphCLKConfig
 .text.HAL_CRC_Init
                0x0800b8d0       0x78 TouchGFX/build/STM32F746-DISCO/Drivers/STM32F7xx_HAL_Driver/Src/stm32f7xx_hal_crc.o
                0x0800b8d0                HAL_CRC_Init
 .text.LTDC_SetConfig
                0x0800b948      0x148 TouchGFX/build/STM32F746-DISCO/Drivers/STM32F7xx_HAL_Driver/Src/stm32f7xx_hal_ltdc.o
 .text.HAL_LTDC_Init
                0x0800ba90       0xf4 TouchGFX/build/STM32F746-DISCO/Drivers/STM32F7xx_HAL_Driver/Src/stm32f7xx_hal_ltdc.o
                0x0800ba90                HAL_LTDC_Init
 .text.HAL_LTDC_ErrorCallback
                0x0800bb84        0x2 TouchGFX/build/STM32F746-DISCO/Drivers/STM32F7xx_HAL_Driver/Src/stm32f7xx_hal_ltdc.o
                0x0800bb84                HAL_LTDC_ErrorCallback
 .text.HAL_LTDC_ReloadEventCallback
                0x0800bb86        0x2 TouchGFX/build/STM32F746-DISCO/Drivers/STM32F7xx_HAL_Driver/Src/stm32f7xx_hal_ltdc.o
                0x0800bb86                HAL_LTDC_ReloadEventCallback
 .text.HAL_LTDC_IRQHandler
                0x0800bb88       0xc2 TouchGFX/build/STM32F746-DISCO/Drivers/STM32F7xx_HAL_Driver/Src/stm32f7xx_hal_ltdc.o
                0x0800bb88                HAL_LTDC_IRQHandler
 .text.HAL_LTDC_ConfigLayer
                0x0800bc4a       0x52 TouchGFX/build/STM32F746-DISCO/Drivers/STM32F7xx_HAL_Driver/Src/stm32f7xx_hal_ltdc.o
                0x0800bc4a                HAL_LTDC_ConfigLayer
 .text.HAL_LTDC_ProgramLineEvent
                0x0800bc9c       0x40 TouchGFX/build/STM32F746-DISCO/Drivers/STM32F7xx_HAL_Driver/Src/stm32f7xx_hal_ltdc.o
                0x0800bc9c                HAL_LTDC_ProgramLineEvent
 .text.HAL_PWREx_EnableOverDrive
                0x0800bcdc       0x70 TouchGFX/build/STM32F746-DISCO/Drivers/STM32F7xx_HAL_Driver/Src/stm32f7xx_hal_pwr_ex.o
                0x0800bcdc                HAL_PWREx_EnableOverDrive
 .text.HAL_SDRAM_Init
                0x0800bd4c       0x40 TouchGFX/build/STM32F746-DISCO/Drivers/STM32F7xx_HAL_Driver/Src/stm32f7xx_hal_sdram.o
                0x0800bd4c                HAL_SDRAM_Init
 .text.HAL_SDRAM_SendCommand
                0x0800bd8c       0x2e TouchGFX/build/STM32F746-DISCO/Drivers/STM32F7xx_HAL_Driver/Src/stm32f7xx_hal_sdram.o
                0x0800bd8c                HAL_SDRAM_SendCommand
 .text.HAL_SDRAM_ProgramRefreshRate
                0x0800bdba       0x24 TouchGFX/build/STM32F746-DISCO/Drivers/STM32F7xx_HAL_Driver/Src/stm32f7xx_hal_sdram.o
                0x0800bdba                HAL_SDRAM_ProgramRefreshRate
 *fill*         0x0800bdde        0x2 
 .text.HAL_RCC_OscConfig
                0x0800bde0      0x368 TouchGFX/build/STM32F746-DISCO/Drivers/STM32F7xx_HAL_Driver/Src/stm32f7xx_hal_rcc.o
                0x0800bde0                HAL_RCC_OscConfig
 .text.HAL_RCC_GetSysClockFreq
                0x0800c148       0x5c TouchGFX/build/STM32F746-DISCO/Drivers/STM32F7xx_HAL_Driver/Src/stm32f7xx_hal_rcc.o
                0x0800c148                HAL_RCC_GetSysClockFreq
 .text.HAL_RCC_ClockConfig
                0x0800c1a4      0x144 TouchGFX/build/STM32F746-DISCO/Drivers/STM32F7xx_HAL_Driver/Src/stm32f7xx_hal_rcc.o
                0x0800c1a4                HAL_RCC_ClockConfig
 .text.HAL_RCC_GetPCLK1Freq
                0x0800c2e8       0x20 TouchGFX/build/STM32F746-DISCO/Drivers/STM32F7xx_HAL_Driver/Src/stm32f7xx_hal_rcc.o
                0x0800c2e8                HAL_RCC_GetPCLK1Freq
 .text.HAL_RCC_GetClockConfig
                0x0800c308       0x3c TouchGFX/build/STM32F746-DISCO/Drivers/STM32F7xx_HAL_Driver/Src/stm32f7xx_hal_rcc.o
                0x0800c308                HAL_RCC_GetClockConfig
 .text.I2C_Flush_TXDR
                0x0800c344       0x1e TouchGFX/build/STM32F746-DISCO/Drivers/STM32F7xx_HAL_Driver/Src/stm32f7xx_hal_i2c.o
 *fill*         0x0800c362        0x2 
 .text.I2C_TransferConfig
                0x0800c364       0x28 TouchGFX/build/STM32F746-DISCO/Drivers/STM32F7xx_HAL_Driver/Src/stm32f7xx_hal_i2c.o
 .text.I2C_IsAcknowledgeFailed
                0x0800c38c       0x7c TouchGFX/build/STM32F746-DISCO/Drivers/STM32F7xx_HAL_Driver/Src/stm32f7xx_hal_i2c.o
 .text.I2C_WaitOnSTOPFlagUntilTimeout
                0x0800c408       0x4a TouchGFX/build/STM32F746-DISCO/Drivers/STM32F7xx_HAL_Driver/Src/stm32f7xx_hal_i2c.o
 .text.I2C_WaitOnFlagUntilTimeout
                0x0800c452       0x54 TouchGFX/build/STM32F746-DISCO/Drivers/STM32F7xx_HAL_Driver/Src/stm32f7xx_hal_i2c.o
 .text.I2C_WaitOnTXISFlagUntilTimeout
                0x0800c4a6       0x4e TouchGFX/build/STM32F746-DISCO/Drivers/STM32F7xx_HAL_Driver/Src/stm32f7xx_hal_i2c.o
 .text.I2C_RequestMemoryWrite
                0x0800c4f4       0x64 TouchGFX/build/STM32F746-DISCO/Drivers/STM32F7xx_HAL_Driver/Src/stm32f7xx_hal_i2c.o
 .text.I2C_RequestMemoryRead
                0x0800c558       0x64 TouchGFX/build/STM32F746-DISCO/Drivers/STM32F7xx_HAL_Driver/Src/stm32f7xx_hal_i2c.o
 .text.HAL_I2C_Init
                0x0800c5bc       0xb2 TouchGFX/build/STM32F746-DISCO/Drivers/STM32F7xx_HAL_Driver/Src/stm32f7xx_hal_i2c.o
                0x0800c5bc                HAL_I2C_Init
 .text.HAL_I2C_DeInit
                0x0800c66e       0x32 TouchGFX/build/STM32F746-DISCO/Drivers/STM32F7xx_HAL_Driver/Src/stm32f7xx_hal_i2c.o
                0x0800c66e                HAL_I2C_DeInit
 .text.HAL_I2C_Mem_Write
                0x0800c6a0      0x16c TouchGFX/build/STM32F746-DISCO/Drivers/STM32F7xx_HAL_Driver/Src/stm32f7xx_hal_i2c.o
                0x0800c6a0                HAL_I2C_Mem_Write
 .text.HAL_I2C_Mem_Read
                0x0800c80c      0x178 TouchGFX/build/STM32F746-DISCO/Drivers/STM32F7xx_HAL_Driver/Src/stm32f7xx_hal_i2c.o
                0x0800c80c                HAL_I2C_Mem_Read
 .text.QSPI_Config
                0x0800c984      0x186 TouchGFX/build/STM32F746-DISCO/Drivers/STM32F7xx_HAL_Driver/Src/stm32f7xx_hal_qspi.o
 .text.QSPI_WaitFlagStateUntilTimeout
                0x0800cb0a       0x4a TouchGFX/build/STM32F746-DISCO/Drivers/STM32F7xx_HAL_Driver/Src/stm32f7xx_hal_qspi.o
 .text.HAL_QSPI_Init
                0x0800cb54       0xa8 TouchGFX/build/STM32F746-DISCO/Drivers/STM32F7xx_HAL_Driver/Src/stm32f7xx_hal_qspi.o
                0x0800cb54                HAL_QSPI_Init
 .text.HAL_QSPI_DeInit
                0x0800cbfc       0x26 TouchGFX/build/STM32F746-DISCO/Drivers/STM32F7xx_HAL_Driver/Src/stm32f7xx_hal_qspi.o
                0x0800cbfc                HAL_QSPI_DeInit
 .text.HAL_QSPI_Command
                0x0800cc22       0x86 TouchGFX/build/STM32F746-DISCO/Drivers/STM32F7xx_HAL_Driver/Src/stm32f7xx_hal_qspi.o
                0x0800cc22                HAL_QSPI_Command
 .text.HAL_QSPI_AutoPolling
                0x0800cca8       0xaa TouchGFX/build/STM32F746-DISCO/Drivers/STM32F7xx_HAL_Driver/Src/stm32f7xx_hal_qspi.o
                0x0800cca8                HAL_QSPI_AutoPolling
 .text.HAL_QSPI_MemoryMapped
                0x0800cd52       0x88 TouchGFX/build/STM32F746-DISCO/Drivers/STM32F7xx_HAL_Driver/Src/stm32f7xx_hal_qspi.o
                0x0800cd52                HAL_QSPI_MemoryMapped
 .text.HAL_QSPI_Abort
                0x0800cdda       0x82 TouchGFX/build/STM32F746-DISCO/Drivers/STM32F7xx_HAL_Driver/Src/stm32f7xx_hal_qspi.o
                0x0800cdda                HAL_QSPI_Abort
 .text.HAL_QSPI_Transmit
                0x0800ce5c       0xbe TouchGFX/build/STM32F746-DISCO/Drivers/STM32F7xx_HAL_Driver/Src/stm32f7xx_hal_qspi.o
                0x0800ce5c                HAL_QSPI_Transmit
 .text.HAL_QSPI_Receive
                0x0800cf1a       0xc8 TouchGFX/build/STM32F746-DISCO/Drivers/STM32F7xx_HAL_Driver/Src/stm32f7xx_hal_qspi.o
                0x0800cf1a                HAL_QSPI_Receive
 .text.HAL_DMA_Abort
                0x0800cfe2       0x8c TouchGFX/build/STM32F746-DISCO/Drivers/STM32F7xx_HAL_Driver/Src/stm32f7xx_hal_dma.o
                0x0800cfe2                HAL_DMA_Abort
 .text.HAL_TIMEx_CommutCallback
                0x0800d06e        0x2 TouchGFX/build/STM32F746-DISCO/Drivers/STM32F7xx_HAL_Driver/Src/stm32f7xx_hal_tim_ex.o
                0x0800d06e                HAL_TIMEx_CommutCallback
 .text.HAL_TIMEx_BreakCallback
                0x0800d070        0x2 TouchGFX/build/STM32F746-DISCO/Drivers/STM32F7xx_HAL_Driver/Src/stm32f7xx_hal_tim_ex.o
                0x0800d070                HAL_TIMEx_BreakCallback
 .text.HAL_TIMEx_Break2Callback
                0x0800d072        0x2 TouchGFX/build/STM32F746-DISCO/Drivers/STM32F7xx_HAL_Driver/Src/stm32f7xx_hal_tim_ex.o
                0x0800d072                HAL_TIMEx_Break2Callback
 .text.HAL_NVIC_SetPriorityGrouping
                0x0800d074       0x24 TouchGFX/build/STM32F746-DISCO/Drivers/STM32F7xx_HAL_Driver/Src/stm32f7xx_hal_cortex.o
                0x0800d074                HAL_NVIC_SetPriorityGrouping
 .text.HAL_NVIC_SetPriority
                0x0800d098       0x64 TouchGFX/build/STM32F746-DISCO/Drivers/STM32F7xx_HAL_Driver/Src/stm32f7xx_hal_cortex.o
                0x0800d098                HAL_NVIC_SetPriority
 .text.HAL_NVIC_EnableIRQ
                0x0800d0fc       0x1c TouchGFX/build/STM32F746-DISCO/Drivers/STM32F7xx_HAL_Driver/Src/stm32f7xx_hal_cortex.o
                0x0800d0fc                HAL_NVIC_EnableIRQ
 .text.HAL_NVIC_DisableIRQ
                0x0800d118       0x28 TouchGFX/build/STM32F746-DISCO/Drivers/STM32F7xx_HAL_Driver/Src/stm32f7xx_hal_cortex.o
                0x0800d118                HAL_NVIC_DisableIRQ
 .text.HAL_MPU_Disable
                0x0800d140       0x20 TouchGFX/build/STM32F746-DISCO/Drivers/STM32F7xx_HAL_Driver/Src/stm32f7xx_hal_cortex.o
                0x0800d140                HAL_MPU_Disable
 .text.HAL_MPU_Enable
                0x0800d160       0x24 TouchGFX/build/STM32F746-DISCO/Drivers/STM32F7xx_HAL_Driver/Src/stm32f7xx_hal_cortex.o
                0x0800d160                HAL_MPU_Enable
 .text.HAL_MPU_ConfigRegion
                0x0800d184       0x4c TouchGFX/build/STM32F746-DISCO/Drivers/STM32F7xx_HAL_Driver/Src/stm32f7xx_hal_cortex.o
                0x0800d184                HAL_MPU_ConfigRegion
 .text.FMC_SDRAM_Init
                0x0800d1d0       0x6c TouchGFX/build/STM32F746-DISCO/Drivers/STM32F7xx_HAL_Driver/Src/stm32f7xx_ll_fmc.o
                0x0800d1d0                FMC_SDRAM_Init
 .text.FMC_SDRAM_Timing_Init
                0x0800d23c       0x88 TouchGFX/build/STM32F746-DISCO/Drivers/STM32F7xx_HAL_Driver/Src/stm32f7xx_ll_fmc.o
                0x0800d23c                FMC_SDRAM_Timing_Init
 .text.FMC_SDRAM_SendCommand
                0x0800d2c4       0x26 TouchGFX/build/STM32F746-DISCO/Drivers/STM32F7xx_HAL_Driver/Src/stm32f7xx_ll_fmc.o
                0x0800d2c4                FMC_SDRAM_SendCommand
 .text.FMC_SDRAM_ProgramRefreshRate
                0x0800d2ea        0xc TouchGFX/build/STM32F746-DISCO/Drivers/STM32F7xx_HAL_Driver/Src/stm32f7xx_ll_fmc.o
                0x0800d2ea                FMC_SDRAM_ProgramRefreshRate
 *fill*         0x0800d2f6        0x2 
 .text.HAL_GPIO_Init
                0x0800d2f8      0x1c4 TouchGFX/build/STM32F746-DISCO/Drivers/STM32F7xx_HAL_Driver/Src/stm32f7xx_hal_gpio.o
                0x0800d2f8                HAL_GPIO_Init
 .text.HAL_GPIO_DeInit
                0x0800d4bc      0x134 TouchGFX/build/STM32F746-DISCO/Drivers/STM32F7xx_HAL_Driver/Src/stm32f7xx_hal_gpio.o
                0x0800d4bc                HAL_GPIO_DeInit
 .text.HAL_GPIO_WritePin
                0x0800d5f0        0xa TouchGFX/build/STM32F746-DISCO/Drivers/STM32F7xx_HAL_Driver/Src/stm32f7xx_hal_gpio.o
                0x0800d5f0                HAL_GPIO_WritePin
 .text.DMA2D_SetConfig
                0x0800d5fa       0x88 TouchGFX/build/STM32F746-DISCO/Drivers/STM32F7xx_HAL_Driver/Src/stm32f7xx_hal_dma2d.o
 .text.HAL_DMA2D_Init
                0x0800d682       0x5c TouchGFX/build/STM32F746-DISCO/Drivers/STM32F7xx_HAL_Driver/Src/stm32f7xx_hal_dma2d.o
                0x0800d682                HAL_DMA2D_Init
 .text.HAL_DMA2D_Start_IT
                0x0800d6de       0x3e TouchGFX/build/STM32F746-DISCO/Drivers/STM32F7xx_HAL_Driver/Src/stm32f7xx_hal_dma2d.o
                0x0800d6de                HAL_DMA2D_Start_IT
 .text.HAL_DMA2D_BlendingStart_IT
                0x0800d71c       0x48 TouchGFX/build/STM32F746-DISCO/Drivers/STM32F7xx_HAL_Driver/Src/stm32f7xx_hal_dma2d.o
                0x0800d71c                HAL_DMA2D_BlendingStart_IT
 .text.HAL_DMA2D_Abort
                0x0800d764       0x58 TouchGFX/build/STM32F746-DISCO/Drivers/STM32F7xx_HAL_Driver/Src/stm32f7xx_hal_dma2d.o
                0x0800d764                HAL_DMA2D_Abort
 .text.HAL_DMA2D_CLUTLoading_Abort
                0x0800d7bc       0x60 TouchGFX/build/STM32F746-DISCO/Drivers/STM32F7xx_HAL_Driver/Src/stm32f7xx_hal_dma2d.o
                0x0800d7bc                HAL_DMA2D_CLUTLoading_Abort
 .text.HAL_DMA2D_DeInit
                0x0800d81c       0x74 TouchGFX/build/STM32F746-DISCO/Drivers/STM32F7xx_HAL_Driver/Src/stm32f7xx_hal_dma2d.o
                0x0800d81c                HAL_DMA2D_DeInit
 .text.HAL_DMA2D_LineEventCallback
                0x0800d890        0x2 TouchGFX/build/STM32F746-DISCO/Drivers/STM32F7xx_HAL_Driver/Src/stm32f7xx_hal_dma2d.o
                0x0800d890                HAL_DMA2D_LineEventCallback
 .text.HAL_DMA2D_CLUTLoadingCpltCallback
                0x0800d892        0x2 TouchGFX/build/STM32F746-DISCO/Drivers/STM32F7xx_HAL_Driver/Src/stm32f7xx_hal_dma2d.o
                0x0800d892                HAL_DMA2D_CLUTLoadingCpltCallback
 .text.HAL_DMA2D_IRQHandler
                0x0800d894      0x120 TouchGFX/build/STM32F746-DISCO/Drivers/STM32F7xx_HAL_Driver/Src/stm32f7xx_hal_dma2d.o
                0x0800d894                HAL_DMA2D_IRQHandler
 .text.HAL_DMA2D_ConfigLayer
                0x0800d9b4       0x94 TouchGFX/build/STM32F746-DISCO/Drivers/STM32F7xx_HAL_Driver/Src/stm32f7xx_hal_dma2d.o
                0x0800d9b4                HAL_DMA2D_ConfigLayer
 .text.HAL_TIM_Base_MspInit
                0x0800da48        0x2 TouchGFX/build/STM32F746-DISCO/Drivers/STM32F7xx_HAL_Driver/Src/stm32f7xx_hal_tim.o
                0x0800da48                HAL_TIM_Base_MspInit
 *fill*         0x0800da4a        0x2 
 .text.HAL_TIM_Base_Start_IT
                0x0800da4c       0x2c TouchGFX/build/STM32F746-DISCO/Drivers/STM32F7xx_HAL_Driver/Src/stm32f7xx_hal_tim.o
                0x0800da4c                HAL_TIM_Base_Start_IT
 .text.HAL_TIM_OC_DelayElapsedCallback
                0x0800da78        0x2 TouchGFX/build/STM32F746-DISCO/Drivers/STM32F7xx_HAL_Driver/Src/stm32f7xx_hal_tim.o
                0x0800da78                HAL_TIM_OC_DelayElapsedCallback
 .text.HAL_TIM_IC_CaptureCallback
                0x0800da7a        0x2 TouchGFX/build/STM32F746-DISCO/Drivers/STM32F7xx_HAL_Driver/Src/stm32f7xx_hal_tim.o
                0x0800da7a                HAL_TIM_IC_CaptureCallback
 .text.HAL_TIM_PWM_PulseFinishedCallback
                0x0800da7c        0x2 TouchGFX/build/STM32F746-DISCO/Drivers/STM32F7xx_HAL_Driver/Src/stm32f7xx_hal_tim.o
                0x0800da7c                HAL_TIM_PWM_PulseFinishedCallback
 .text.HAL_TIM_TriggerCallback
                0x0800da7e        0x2 TouchGFX/build/STM32F746-DISCO/Drivers/STM32F7xx_HAL_Driver/Src/stm32f7xx_hal_tim.o
                0x0800da7e                HAL_TIM_TriggerCallback
 .text.HAL_TIM_IRQHandler
                0x0800da80      0x168 TouchGFX/build/STM32F746-DISCO/Drivers/STM32F7xx_HAL_Driver/Src/stm32f7xx_hal_tim.o
                0x0800da80                HAL_TIM_IRQHandler
 .text.TIM_Base_SetConfig
                0x0800dbe8       0xcc TouchGFX/build/STM32F746-DISCO/Drivers/STM32F7xx_HAL_Driver/Src/stm32f7xx_hal_tim.o
                0x0800dbe8                TIM_Base_SetConfig
 .text.HAL_TIM_Base_Init
                0x0800dcb4       0x34 TouchGFX/build/STM32F746-DISCO/Drivers/STM32F7xx_HAL_Driver/Src/stm32f7xx_hal_tim.o
                0x0800dcb4                HAL_TIM_Base_Init
 .text.HAL_I2CEx_ConfigAnalogFilter
                0x0800dce8       0x58 TouchGFX/build/STM32F746-DISCO/Drivers/STM32F7xx_HAL_Driver/Src/stm32f7xx_hal_i2c_ex.o
                0x0800dce8                HAL_I2CEx_ConfigAnalogFilter
 .text.HAL_I2CEx_ConfigDigitalFilter
                0x0800dd40       0x54 TouchGFX/build/STM32F746-DISCO/Drivers/STM32F7xx_HAL_Driver/Src/stm32f7xx_hal_i2c_ex.o
                0x0800dd40                HAL_I2CEx_ConfigDigitalFilter
 .text.HAL_CRCEx_Polynomial_Set
                0x0800dd94       0x46 TouchGFX/build/STM32F746-DISCO/Drivers/STM32F7xx_HAL_Driver/Src/stm32f7xx_hal_crc_ex.o
                0x0800dd94                HAL_CRCEx_Polynomial_Set
 .text.MX_TouchGFX_Init
                0x0800ddda        0x4 TouchGFX/build/STM32F746-DISCO/TouchGFX/App/app_touchgfx.o
                0x0800ddda                MX_TouchGFX_Init
 .text.MX_TouchGFX_Process
                0x0800ddde        0x4 TouchGFX/build/STM32F746-DISCO/TouchGFX/App/app_touchgfx.o
                0x0800ddde                MX_TouchGFX_Process
 .text.vListInitialise
                0x0800dde2       0x16 TouchGFX/build/STM32F746-DISCO/Middlewares/Third_Party/FreeRTOS/Source/list.o
                0x0800dde2                vListInitialise
 .text.vListInitialiseItem
                0x0800ddf8        0x6 TouchGFX/build/STM32F746-DISCO/Middlewares/Third_Party/FreeRTOS/Source/list.o
                0x0800ddf8                vListInitialiseItem
 .text.vListInsertEnd
                0x0800ddfe       0x18 TouchGFX/build/STM32F746-DISCO/Middlewares/Third_Party/FreeRTOS/Source/list.o
                0x0800ddfe                vListInsertEnd
 .text.vListInsert
                0x0800de16       0x2e TouchGFX/build/STM32F746-DISCO/Middlewares/Third_Party/FreeRTOS/Source/list.o
                0x0800de16                vListInsert
 .text.uxListRemove
                0x0800de44       0x26 TouchGFX/build/STM32F746-DISCO/Middlewares/Third_Party/FreeRTOS/Source/list.o